Archive member included to satisfy reference by file (symbol)

C:/ProgramData/MATLAB/SupportPackages/R2025a/3P.instrset/gnuarm-armcortex.instrset/win/bin/../lib/gcc/arm-none-eabi/13.2.1/thumb/v7e-m+fp/hard\libm.a(libm_a-w_fmod.o)
                              xcp_ext_common.c.o (fmod)
C:/ProgramData/MATLAB/SupportPackages/R2025a/3P.instrset/gnuarm-armcortex.instrset/win/bin/../lib/gcc/arm-none-eabi/13.2.1/thumb/v7e-m+fp/hard\libm.a(libm_a-e_fmod.o)
                              C:/ProgramData/MATLAB/SupportPackages/R2025a/3P.instrset/gnuarm-armcortex.instrset/win/bin/../lib/gcc/arm-none-eabi/13.2.1/thumb/v7e-m+fp/hard\libm.a(libm_a-w_fmod.o) (__ieee754_fmod)
C:/ProgramData/MATLAB/SupportPackages/R2025a/3P.instrset/gnuarm-armcortex.instrset/win/bin/../lib/gcc/arm-none-eabi/13.2.1/thumb/v7e-m+fp/hard\libgcc.a(_arm_muldf3.o)
                              Encoder_reader_simulink.c.o (__aeabi_dmul)
C:/ProgramData/MATLAB/SupportPackages/R2025a/3P.instrset/gnuarm-armcortex.instrset/win/bin/../lib/gcc/arm-none-eabi/13.2.1/thumb/v7e-m+fp/hard\libgcc.a(_arm_addsubdf3.o)
                              Encoder_reader_simulink.c.o (__aeabi_dsub)
C:/ProgramData/MATLAB/SupportPackages/R2025a/3P.instrset/gnuarm-armcortex.instrset/win/bin/../lib/gcc/arm-none-eabi/13.2.1/thumb/v7e-m+fp/hard\libgcc.a(_arm_muldivdf3.o)
                              Encoder_reader_simulink.c.o (__aeabi_ddiv)
C:/ProgramData/MATLAB/SupportPackages/R2025a/3P.instrset/gnuarm-armcortex.instrset/win/bin/../lib/gcc/arm-none-eabi/13.2.1/thumb/v7e-m+fp/hard\libgcc.a(_arm_cmpdf2.o)
                              xcp_ext_mode.c.o (__aeabi_dcmpeq)
C:/ProgramData/MATLAB/SupportPackages/R2025a/3P.instrset/gnuarm-armcortex.instrset/win/bin/../lib/gcc/arm-none-eabi/13.2.1/thumb/v7e-m+fp/hard\libgcc.a(_arm_unorddf2.o)
                              rt_nonfinite.c.o (__aeabi_dcmpun)
C:/ProgramData/MATLAB/SupportPackages/R2025a/3P.instrset/gnuarm-armcortex.instrset/win/bin/../lib/gcc/arm-none-eabi/13.2.1/thumb/v7e-m+fp/hard\libgcc.a(_arm_fixunsdfsi.o)
                              xcp_ext_common.c.o (__aeabi_d2uiz)
C:/ProgramData/MATLAB/SupportPackages/R2025a/3P.instrset/gnuarm-armcortex.instrset/win/bin/../lib/gcc/arm-none-eabi/13.2.1/thumb/v7e-m+fp/hard\libgcc.a(_aeabi_uldivmod.o)
                              stm32g4xx_ll_lpuart.c.o (__aeabi_uldivmod)
C:/ProgramData/MATLAB/SupportPackages/R2025a/3P.instrset/gnuarm-armcortex.instrset/win/bin/../lib/gcc/arm-none-eabi/13.2.1/thumb/v7e-m+fp/hard\libgcc.a(_udivmoddi4.o)
                              C:/ProgramData/MATLAB/SupportPackages/R2025a/3P.instrset/gnuarm-armcortex.instrset/win/bin/../lib/gcc/arm-none-eabi/13.2.1/thumb/v7e-m+fp/hard\libgcc.a(_aeabi_uldivmod.o) (__udivmoddi4)
C:/ProgramData/MATLAB/SupportPackages/R2025a/3P.instrset/gnuarm-armcortex.instrset/win/bin/../lib/gcc/arm-none-eabi/13.2.1/thumb/v7e-m+fp/hard\libgcc.a(_dvmd_tls.o)
                              C:/ProgramData/MATLAB/SupportPackages/R2025a/3P.instrset/gnuarm-armcortex.instrset/win/bin/../lib/gcc/arm-none-eabi/13.2.1/thumb/v7e-m+fp/hard\libgcc.a(_aeabi_uldivmod.o) (__aeabi_ldiv0)
C:/ProgramData/MATLAB/SupportPackages/R2025a/3P.instrset/gnuarm-armcortex.instrset/win/bin/../lib/gcc/arm-none-eabi/13.2.1/thumb/v7e-m+fp/hard\libg_nano.a(libc_a-exit.o)
                              C:/ProgramData/MATLAB/SupportPackages/R2025a/3P.instrset/gnuarm-armcortex.instrset/win/bin/../lib/gcc/arm-none-eabi/13.2.1/thumb/v7e-m+fp/hard/crt0.o (exit)
C:/ProgramData/MATLAB/SupportPackages/R2025a/3P.instrset/gnuarm-armcortex.instrset/win/bin/../lib/gcc/arm-none-eabi/13.2.1/thumb/v7e-m+fp/hard\libg_nano.a(libc_a-findfp.o)
                              C:/ProgramData/MATLAB/SupportPackages/R2025a/3P.instrset/gnuarm-armcortex.instrset/win/bin/../lib/gcc/arm-none-eabi/13.2.1/thumb/v7e-m+fp/hard\libg_nano.a(libc_a-exit.o) (__stdio_exit_handler)
C:/ProgramData/MATLAB/SupportPackages/R2025a/3P.instrset/gnuarm-armcortex.instrset/win/bin/../lib/gcc/arm-none-eabi/13.2.1/thumb/v7e-m+fp/hard\libg_nano.a(libc_a-fwalk.o)
                              C:/ProgramData/MATLAB/SupportPackages/R2025a/3P.instrset/gnuarm-armcortex.instrset/win/bin/../lib/gcc/arm-none-eabi/13.2.1/thumb/v7e-m+fp/hard\libg_nano.a(libc_a-findfp.o) (_fwalk_sglue)
C:/ProgramData/MATLAB/SupportPackages/R2025a/3P.instrset/gnuarm-armcortex.instrset/win/bin/../lib/gcc/arm-none-eabi/13.2.1/thumb/v7e-m+fp/hard\libg_nano.a(libc_a-stdio.o)
                              C:/ProgramData/MATLAB/SupportPackages/R2025a/3P.instrset/gnuarm-armcortex.instrset/win/bin/../lib/gcc/arm-none-eabi/13.2.1/thumb/v7e-m+fp/hard\libg_nano.a(libc_a-findfp.o) (__sread)
C:/ProgramData/MATLAB/SupportPackages/R2025a/3P.instrset/gnuarm-armcortex.instrset/win/bin/../lib/gcc/arm-none-eabi/13.2.1/thumb/v7e-m+fp/hard\libg_nano.a(libc_a-memset.o)
                              C:/ProgramData/MATLAB/SupportPackages/R2025a/3P.instrset/gnuarm-armcortex.instrset/win/bin/../lib/gcc/arm-none-eabi/13.2.1/thumb/v7e-m+fp/hard/crt0.o (memset)
[...]
Memory Configuration

Name             Origin             Length             Attributes
RAM              0x20000000         0x00020000         xrw
FLASH            0x08000000         0x00080000         xr
*default*        0x00000000         0xffffffff

Linker script and memory map

LOAD C:/ProgramData/MATLAB/SupportPackages/R2025a/3P.instrset/gnuarm-armcortex.instrset/win/bin/../lib/gcc/arm-none-eabi/13.2.1/thumb/v7e-m+fp/hard/crti.o
LOAD C:/ProgramData/MATLAB/SupportPackages/R2025a/3P.instrset/gnuarm-armcortex.instrset/win/bin/../lib/gcc/arm-none-eabi/13.2.1/thumb/v7e-m+fp/hard/crtbegin.o
LOAD C:/ProgramData/MATLAB/SupportPackages/R2025a/3P.instrset/gnuarm-armcortex.instrset/win/bin/../lib/gcc/arm-none-eabi/13.2.1/thumb/v7e-m+fp/hard/crt0.o
LOAD xcp_ext_mode.c.o
LOAD Encoder_reader_simulink.c.o
LOAD ert_main.c.o
LOAD rtGetInf.c.o
LOAD rt_nonfinite.c.o
LOAD xcp_ext_common.c.o
LOAD xcp_ext_classic_trigger.c.o
LOAD xcp.c.o
LOAD xcp_standard.c.o
LOAD xcp_daq.c.o
LOAD xcp_calibration.c.o
LOAD xcp_fifo.c.o
LOAD xcp_transport.c.o
LOAD xcp_mem_default.c.o
LOAD xcp_drv_rtiostream.c.o
LOAD xcp_utils.c.o
LOAD xcp_frame_serial.c.o
LOAD xcp_ext_param_default_serial.c.o
LOAD overrideHALDelay.c.o
LOAD platform_timer.c.o
LOAD SysTickScheduler.c.o
LOAD m3m4m4f_multitasking.c.o
LOAD rtiostream_serial.c.o
LOAD stm_usart.c.o
LOAD stm_lpuart.c.o
LOAD sys_arch_arm.c.o
LOAD main.c.o
LOAD stm32g4xx_it.c.o
LOAD stm32g4xx_hal_msp.c.o
LOAD stm32g4xx_hal_timebase_tim.c.o
LOAD stm32g4xx_ll_utils.c.o
LOAD stm32g4xx_ll_exti.c.o
LOAD stm32g4xx_hal_tim.c.o
LOAD stm32g4xx_hal_tim_ex.c.o
LOAD stm32g4xx_ll_gpio.c.o
LOAD stm32g4xx_ll_dma.c.o
LOAD stm32g4xx_ll_lpuart.c.o
LOAD stm32g4xx_ll_rcc.c.o
LOAD stm32g4xx_ll_pwr.c.o
LOAD stm32g4xx_hal.c.o
LOAD stm32g4xx_hal_rcc.c.o
LOAD stm32g4xx_hal_rcc_ex.c.o
LOAD stm32g4xx_hal_flash.c.o
LOAD stm32g4xx_hal_flash_ex.c.o
LOAD stm32g4xx_hal_flash_ramfunc.c.o
LOAD stm32g4xx_hal_gpio.c.o
LOAD stm32g4xx_hal_exti.c.o
LOAD stm32g4xx_hal_dma.c.o
LOAD stm32g4xx_hal_dma_ex.c.o
LOAD stm32g4xx_hal_pwr.c.o
LOAD stm32g4xx_hal_pwr_ex.c.o
LOAD stm32g4xx_hal_cortex.c.o
LOAD stm32g4xx_ll_tim.c.o
LOAD system_stm32g4xx.c.o
LOAD syscalls.c.o
LOAD sysmem.c.o
LOAD startup_stm32g474retx.s.o
LOAD stm_timer_ll.c.o
LOAD C:/ProgramData/MATLAB/SupportPackages/R2025a/3P.instrset/cmsis_dsp.instrset/Lib/GCC/arm_cortexm4ldfsp_math/libCMSISDSP.a
LOAD C:/ProgramData/MATLAB/SupportPackages/R2025a/toolbox/shared/supportpackages/stm32/lib/GCC/libmw_pdmfilter_m4_spfp.lib
LOAD C:/ProgramData/MATLAB/SupportPackages/R2025a/3P.instrset/gnuarm-armcortex.instrset/win/bin/../lib/gcc/arm-none-eabi/13.2.1/thumb/v7e-m+fp/hard\libstdc++_nano.a
LOAD C:/ProgramData/MATLAB/SupportPackages/R2025a/3P.instrset/gnuarm-armcortex.instrset/win/bin/../lib/gcc/arm-none-eabi/13.2.1/thumb/v7e-m+fp/hard\libm.a
START GROUP
LOAD C:/ProgramData/MATLAB/SupportPackages/R2025a/3P.instrset/gnuarm-armcortex.instrset/win/bin/../lib/gcc/arm-none-eabi/13.2.1/thumb/v7e-m+fp/hard\libgcc.a
LOAD C:/ProgramData/MATLAB/SupportPackages/R2025a/3P.instrset/gnuarm-armcortex.instrset/win/bin/../lib/gcc/arm-none-eabi/13.2.1/thumb/v7e-m+fp/hard\libg_nano.a
LOAD C:/ProgramData/MATLAB/SupportPackages/R2025a/3P.instrset/gnuarm-armcortex.instrset/win/bin/../lib/gcc/arm-none-eabi/13.2.1/thumb/v7e-m+fp/hard\libc_nano.a
END GROUP
START GROUP
LOAD C:/ProgramData/MATLAB/SupportPackages/R2025a/3P.instrset/gnuarm-armcortex.instrset/win/bin/../lib/gcc/arm-none-eabi/13.2.1/thumb/v7e-m+fp/hard\libgcc.a
LOAD C:/ProgramData/MATLAB/SupportPackages/R2025a/3P.instrset/gnuarm-armcortex.instrset/win/bin/../lib/gcc/arm-none-eabi/13.2.1/thumb/v7e-m+fp/hard\libc_nano.a
LOAD C:/ProgramData/MATLAB/SupportPackages/R2025a/3P.instrset/gnuarm-armcortex.instrset/win/bin/../lib/gcc/arm-none-eabi/13.2.1/thumb/v7e-m+fp/hard\libnosys.a
END GROUP
START GROUP
LOAD C:/ProgramData/MATLAB/SupportPackages/R2025a/3P.instrset/gnuarm-armcortex.instrset/win/bin/../lib/gcc/arm-none-eabi/13.2.1/thumb/v7e-m+fp/hard\libgcc.a
LOAD C:/ProgramData/MATLAB/SupportPackages/R2025a/3P.instrset/gnuarm-armcortex.instrset/win/bin/../lib/gcc/arm-none-eabi/13.2.1/thumb/v7e-m+fp/hard\libc_nano.a
LOAD C:/ProgramData/MATLAB/SupportPackages/R2025a/3P.instrset/gnuarm-armcortex.instrset/win/bin/../lib/gcc/arm-none-eabi/13.2.1/thumb/v7e-m+fp/hard\libnosys.a
END GROUP
LOAD C:/ProgramData/MATLAB/SupportPackages/R2025a/3P.instrset/gnuarm-armcortex.instrset/win/bin/../lib/gcc/arm-none-eabi/13.2.1/thumb/v7e-m+fp/hard/crtend.o
LOAD C:/ProgramData/MATLAB/SupportPackages/R2025a/3P.instrset/gnuarm-armcortex.instrset/win/bin/../lib/gcc/arm-none-eabi/13.2.1/thumb/v7e-m+fp/hard/crtn.o
                0x20020000                        _estack = (ORIGIN (RAM) + LENGTH (RAM))
                0x00000200                        _Min_Heap_Size = 0x200
                0x00000400                        _Min_Stack_Size = 0x400

.isr_vector     0x08000000      0x1d8
                0x08000000                        . = ALIGN (0x4)
 *(.isr_vector)
 .isr_vector    0x08000000      0x1d8 startup_stm32g474retx.s.o
                0x08000000                g_pfnVectors
                0x080001d8                        . = ALIGN (0x4)

.text           0x080001d8     0xe848
                0x080001d8                        . = ALIGN (0x4)
 *(.text)
 .text          0x080001d8      0x378 C:/ProgramData/MATLAB/SupportPackages/R2025a/3P.instrset/gnuarm-armcortex.instrset/win/bin/../lib/gcc/arm-none-eabi/13.2.1/thumb/v7e-m+fp/hard\libgcc.a(_arm_addsubdf3.o)
                0x080001d8                __aeabi_drsub
                0x080001e0                __aeabi_dsub
                0x080001e0                __subdf3
                0x080001e4                __aeabi_dadd
                0x080001e4                __adddf3
                0x0800045c                __floatunsidf
                0x0800045c                __aeabi_ui2d
                0x0800047c                __floatsidf
                0x0800047c                __aeabi_i2d
                0x080004a0                __aeabi_f2d
                0x080004a0                __extendsfdf2
                0x080004e4                __floatundidf
                0x080004e4                __aeabi_ul2d
                0x080004f4                __floatdidf
                0x080004f4                __aeabi_l2d
 .text          0x08000550      0x424 C:/ProgramData/MATLAB/SupportPackages/R2025a/3P.instrset/gnuarm-armcortex.instrset/win/bin/../lib/gcc/arm-none-eabi/13.2.1/thumb/v7e-m+fp/hard\libgcc.a(_arm_muldivdf3.o)
                0x08000550                __aeabi_dmul
                0x08000550                __muldf3
                0x080007a4                __divdf3
                0x080007a4                __aeabi_ddiv
 .text          0x08000974      0x110 C:/ProgramData/MATLAB/SupportPackages/R2025a/3P.instrset/gnuarm-armcortex.instrset/win/bin/../lib/gcc/arm-none-eabi/13.2.1/thumb/v7e-m+fp/hard\libgcc.a(_arm_cmpdf2.o)
                0x08000974                __gtdf2
                0x08000974                __gedf2
                0x0800097c                __ltdf2
                0x0800097c                __ledf2
                0x08000984                __nedf2
                0x08000984                __eqdf2
                0x08000984                __cmpdf2
                0x08000a00                __aeabi_cdrcmple
                0x08000a10                __aeabi_cdcmpeq
                0x08000a10                __aeabi_cdcmple
                0x08000a20                __aeabi_dcmpeq
                0x08000a34                __aeabi_dcmplt
                0x08000a48                __aeabi_dcmple
                0x08000a5c                __aeabi_dcmpge
                0x08000a70                __aeabi_dcmpgt
 .text          0x08000a84       0x2c C:/ProgramData/MATLAB/SupportPackages/R2025a/3P.instrset/gnuarm-armcortex.instrset/win/bin/../lib/gcc/arm-none-eabi/13.2.1/thumb/v7e-m+fp/hard\libgcc.a(_arm_unorddf2.o)
                0x08000a84                __unorddf2
                0x08000a84                __aeabi_dcmpun
 .text          0x08000ab0       0x40 C:/ProgramData/MATLAB/SupportPackages/R2025a/3P.instrset/gnuarm-armcortex.instrset/win/bin/../lib/gcc/arm-none-eabi/13.2.1/thumb/v7e-m+fp/hard\libgcc.a(_arm_fixunsdfsi.o)
                0x08000ab0                __aeabi_d2uiz
                0x08000ab0                __fixunsdfsi
 .text          0x08000af0       0x30 C:/ProgramData/MATLAB/SupportPackages/R2025a/3P.instrset/gnuarm-armcortex.instrset/win/bin/../lib/gcc/arm-none-eabi/13.2.1/thumb/v7e-m+fp/hard\libgcc.a(_aeabi_uldivmod.o)
                0x08000af0                __aeabi_uldivmod
 .text          0x08000b20        0x4 C:/ProgramData/MATLAB/SupportPackages/R2025a/3P.instrset/gnuarm-armcortex.instrset/win/bin/../lib/gcc/arm-none-eabi/13.2.1/thumb/v7e-m+fp/hard\libgcc.a(_dvmd_tls.o)
                0x08000b20                __aeabi_idiv0
                0x08000b20                __aeabi_ldiv0
 *(.text*)
 .text.deregister_tm_clones
                0x08000b24       0x1c C:/ProgramData/MATLAB/SupportPackages/R2025a/3P.instrset/gnuarm-armcortex.instrset/win/bin/../lib/gcc/arm-none-eabi/13.2.1/thumb/v7e-m+fp/hard/crtbegin.o
 .text.register_tm_clones
                0x08000b40       0x24 C:/ProgramData/MATLAB/SupportPackages/R2025a/3P.instrset/gnuarm-armcortex.instrset/win/bin/../lib/gcc/arm-none-eabi/13.2.1/thumb/v7e-m+fp/hard/crtbegin.o
 .text.__do_global_dtors_aux
                0x08000b64       0x28 C:/ProgramData/MATLAB/SupportPackages/R2025a/3P.instrset/gnuarm-armcortex.instrset/win/bin/../lib/gcc/arm-none-eabi/13.2.1/thumb/v7e-m+fp/hard/crtbegin.o
 .text.frame_dummy
                0x08000b8c       0x24 C:/ProgramData/MATLAB/SupportPackages/R2025a/3P.instrset/gnuarm-armcortex.instrset/win/bin/../lib/gcc/arm-none-eabi/13.2.1/thumb/v7e-m+fp/hard/crtbegin.o
 .text.extmodeParseArgs
                0x08000bb0       0x1e xcp_ext_mode.c.o
                0x08000bb0                extmodeParseArgs
 *fill*         0x08000bce        0x2 
 .text.extmodeInit
                0x08000bd0      0x128 xcp_ext_mode.c.o
                0x08000bd0                extmodeInit
 .text.extmodeWaitForHostRequest
                0x08000cf8       0xcc xcp_ext_mode.c.o
                0x08000cf8                extmodeWaitForHostRequest
 .text.extmodeEvent
                0x08000dc4       0xfc xcp_ext_mode.c.o
                0x08000dc4                extmodeEvent
 .text.extmodeBackgroundRun
                0x08000ec0       0x20 xcp_ext_mode.c.o
                0x08000ec0                extmodeBackgroundRun
 .text.extmodeReset
                0x08000ee0       0x40 xcp_ext_mode.c.o
                0x08000ee0                extmodeReset
 .text.extmodeStopRequested
                0x08000f20       0x18 xcp_ext_mode.c.o
                0x08000f20                extmodeStopRequested
 .text.extmodeSimulationComplete
                0x08000f38       0x18 xcp_ext_mode.c.o
                0x08000f38                extmodeSimulationComplete
 .text.LL_TIM_EnableCounter
                0x08000f50       0x20 Encoder_reader_simulink.c.o
 .text.LL_TIM_DisableCounter
                0x08000f70       0x20 Encoder_reader_simulink.c.o
 .text.LL_TIM_SetUpdateSource
                0x08000f90       0x26 Encoder_reader_simulink.c.o
 .text.LL_TIM_GetUpdateSource
                0x08000fb6       0x1c Encoder_reader_simulink.c.o
 .text.LL_TIM_SetRepetitionCounter
                0x08000fd2       0x1c Encoder_reader_simulink.c.o
 .text.LL_TIM_GenerateEvent_UPDATE
                0x08000fee       0x20 Encoder_reader_simulink.c.o
 .text.LL_GPIO_ReadInputPort
                0x0800100e       0x18 Encoder_reader_simulink.c.o
 *fill*         0x08001026        0x2 
 .text.isSlaveTriggerModeEnabled
                0x08001028       0x30 Encoder_reader_simulink.c.o
 .text.enableCounter
                0x08001058      0x118 Encoder_reader_simulink.c.o
 .text.disableCounter
                0x08001170       0x1a Encoder_reader_simulink.c.o
 .text.Encoder_re_DigitalPortRead_Init
                0x0800118a       0x2c Encoder_reader_simulink.c.o
                0x0800118a                Encoder_re_DigitalPortRead_Init
 *fill*         0x080011b6        0x2 
 .text.Encoder_reader__DigitalPortRead
                0x080011b8       0x34 Encoder_reader_simulink.c.o
                0x080011b8                Encoder_reader__DigitalPortRead
 .text.Encoder_re_DigitalPortRead_Term
                0x080011ec       0x22 Encoder_reader_simulink.c.o
                0x080011ec                Encoder_re_DigitalPortRead_Term
 .text.Encoder_reader_sim_Homing1_Init
                0x0800120e       0x1c Encoder_reader_simulink.c.o
                0x0800120e                Encoder_reader_sim_Homing1_Init
 .text.Encoder_reader_simulink_Homing1
                0x0800122a       0x68 Encoder_reader_simulink.c.o
                0x0800122a                Encoder_reader_simulink_Homing1
 .text.Encoder_reader_WrapAround1_Init
                0x08001292       0x1c Encoder_reader_simulink.c.o
                0x08001292                Encoder_reader_WrapAround1_Init
 *fill*         0x080012ae        0x2 
 .text.Encoder_reader_simu_WrapAround1
                0x080012b0      0x14c Encoder_reader_simulink.c.o
                0x080012b0                Encoder_reader_simu_WrapAround1
 .text.Encoder_read_SystemCore_setup_j
                0x080013fc       0x94 Encoder_reader_simulink.c.o
 .text.Encoder_rea_SystemCore_setup_j2
                0x08001490       0x94 Encoder_reader_simulink.c.o
 .text.Encoder_reader_SystemCore_setup
                0x08001524       0x94 Encoder_reader_simulink.c.o
 .text.Encoder_reader_simulink_step
                0x080015b8     0x1864 Encoder_reader_simulink.c.o
                0x080015b8                Encoder_reader_simulink_step
 *fill*         0x08002e1c        0x4 
 .text.Encoder_reader_simulink_initialize
                0x08002e20      0x3c0 Encoder_reader_simulink.c.o
                0x08002e20                Encoder_reader_simulink_initialize
 .text.Encoder_reader_simulink_terminate
                0x080031e0      0x1a0 Encoder_reader_simulink.c.o
                0x080031e0                Encoder_reader_simulink_terminate
 .text.rt_OneStep
                0x08003380       0x4c ert_main.c.o
                0x08003380                rt_OneStep
 .text.main     0x080033cc      0x190 ert_main.c.o
                0x080033cc                main
 .text.xcp_void_printf
                0x0800355c       0x12 xcp_ext_common.c.o
                0x0800355c                xcp_void_printf
 .text.xcpCopyTimeValue
                0x0800356e       0x26 xcp_ext_common.c.o
 *fill*         0x08003594        0x4 
 .text.xcpExtModeUpdateTime
                0x08003598      0x13c xcp_ext_common.c.o
                0x08003598                xcpExtModeUpdateTime
 .text.xcpExtModeInit
                0x080036d4       0xb0 xcp_ext_common.c.o
                0x080036d4                xcpExtModeInit
 .text.xcpExtModeRunBackground
                0x08003784      0x13c xcp_ext_common.c.o
                0x08003784                xcpExtModeRunBackground
 .text.xcpExtModeReset
                0x080038c0      0x128 xcp_ext_common.c.o
                0x080038c0                xcpExtModeReset
 .text.sampleSignalTrigger
                0x080039e8      0x1b4 xcp_ext_classic_trigger.c.o
 .text.updateTriggerStatus
                0x08003b9c      0x2b8 xcp_ext_classic_trigger.c.o
 .text.xcpExtModeClassicTriggerInit
                0x08003e54       0x68 xcp_ext_classic_trigger.c.o
                0x08003e54                xcpExtModeClassicTriggerInit
 .text.xcpExtModeClassicTriggerEnabled
                0x08003ebc      0x100 xcp_ext_classic_trigger.c.o
                0x08003ebc                xcpExtModeClassicTriggerEnabled
 .text.xcpExtModeClassicTriggerReset
                0x08003fbc       0xf4 xcp_ext_classic_trigger.c.o
                0x08003fbc                xcpExtModeClassicTriggerReset
 .text.xcpExtModeClassicTriggerForceEnableStatusUpdate
                0x080040b0       0x78 xcp_ext_classic_trigger.c.o
                0x080040b0                xcpExtModeClassicTriggerForceEnableStatusUpdate
 .text.msgBufferRealloc
                0x08004128       0x72 xcp.c.o
 *fill*         0x0800419a        0x2 
 .text.discardInputPacketHandler
                0x0800419c       0x3c xcp.c.o
 .text.unknownInputPacketHandler
                0x080041d8       0x34 xcp.c.o
 .text.xcpGetPacketGroupID
                0x0800420c       0x74 xcp.c.o
 .text.xcpGetPacketHandlers
                0x08004280      0x124 xcp.c.o
 .text.xcpStatusSet
                0x080043a4       0x20 xcp.c.o
                0x080043a4                xcpStatusSet
 .text.xcpSessionStatusGet
                0x080043c4       0x18 xcp.c.o
                0x080043c4                xcpSessionStatusGet
 .text.xcpSessionStatusSetMask
                0x080043dc       0x28 xcp.c.o
                0x080043dc                xcpSessionStatusSetMask
 .text.xcpSessionStatusClearMask
                0x08004404       0x34 xcp.c.o
                0x08004404                xcpSessionStatusClearMask
 .text.xcpResourceProtectionStatusGet
                0x08004438       0x18 xcp.c.o
                0x08004438                xcpResourceProtectionStatusGet
 .text.xcpSessionConfigurationIdGet
                0x08004450       0x18 xcp.c.o
                0x08004450                xcpSessionConfigurationIdGet
 .text.genericOutputPacketHandler
                0x08004468      0x11c xcp.c.o
                0x08004468                genericOutputPacketHandler
 .text.xcpFindPacket
                0x08004584       0x6e xcp.c.o
                0x08004584                xcpFindPacket
 *fill*         0x080045f2        0x2 
 .text.xcpInit  0x080045f4       0x64 xcp.c.o
                0x080045f4                xcpInit
 .text.xcpRun   0x08004658      0x194 xcp.c.o
                0x08004658                xcpRun
 .text.xcpEvent
                0x080047ec       0x50 xcp.c.o
                0x080047ec                xcpEvent
 .text.xcpGetStatus
                0x0800483c       0x18 xcp.c.o
                0x0800483c                xcpGetStatus
 .text.xcpReset
                0x08004854       0x40 xcp.c.o
                0x08004854                xcpReset
 .text.xcpPackedModeEventsFlush
                0x08004894       0x1e xcp.c.o
                0x08004894                xcpPackedModeEventsFlush
 .text.xcpPackedModeEventReset
                0x080048b2       0x2a xcp.c.o
                0x080048b2                xcpPackedModeEventReset
 .text.isValidUploadSize
                0x080048dc       0x30 xcp_standard.c.o
 .text.xcpMemcpyFromMTA
                0x0800490c       0x38 xcp_standard.c.o
 .text.connectInputPacketHandler
                0x08004944       0xa4 xcp_standard.c.o
 .text.connectOutputPacketHandler
                0x080049e8       0xd4 xcp_standard.c.o
 .text.disconnectInputPacketHandler
                0x08004abc       0x54 xcp_standard.c.o
 .text.getStatusInputPacketHandler
                0x08004b10       0x28 xcp_standard.c.o
 .text.getStatusOutputPacketHandler
                0x08004b38       0x80 xcp_standard.c.o
 .text.synchInputPacketHandler
                0x08004bb8       0x44 xcp_standard.c.o
 .text.setMTAInputPacketHandler
                0x08004bfc       0x78 xcp_standard.c.o
 .text.uploadInputPacketHandler
                0x08004c74       0x98 xcp_standard.c.o
 .text.uploadOutputPacketHandler
                0x08004d0c       0x9c xcp_standard.c.o
 .text.shortUploadInputPacketHandler
                0x08004da8       0xa4 xcp_standard.c.o
 .text.shortUploadOutputPacketHandler
                0x08004e4c       0x9c xcp_standard.c.o
 .text.getPacket
                0x08004ee8       0x24 xcp_standard.c.o
 .text.xcpStandardInit
                0x08004f0c       0x18 xcp_standard.c.o
                0x08004f0c                xcpStandardInit
 .text.xcpStandardGetPacketLookup
                0x08004f24       0x18 xcp_standard.c.o
                0x08004f24                xcpStandardGetPacketLookup
 .text.xcpStandardSetPacketLookup
                0x08004f3c       0x20 xcp_standard.c.o
                0x08004f3c                xcpStandardSetPacketLookup
 .text.xcpStandardReset
                0x08004f5c       0x12 xcp_standard.c.o
                0x08004f5c                xcpStandardReset
 *fill*         0x08004f6e        0x2 
 .text.xcpStandardGetAddressFromMta
                0x08004f70       0x18 xcp_standard.c.o
                0x08004f70                xcpStandardGetAddressFromMta
 .text.xcpStandardSetMta
                0x08004f88       0x3c xcp_standard.c.o
                0x08004f88                xcpStandardSetMta
 .text.xcpStandardIncrementMta
                0x08004fc4       0x28 xcp_standard.c.o
                0x08004fc4                xcpStandardIncrementMta
 .text.xcpStandardExtendedInit
                0x08004fec        0xe xcp_standard.c.o
                0x08004fec                xcpStandardExtendedInit
 .text.xcpStandardExtendedReset
                0x08004ffa        0xe xcp_standard.c.o
                0x08004ffa                xcpStandardExtendedReset
 .text.xcpDaqWriteLock
                0x08005008       0x4c xcp_daq.c.o
 .text.xcpDaqWriteUnlock
                0x08005054       0x20 xcp_daq.c.o
 .text.xcpDaqReadLock
                0x08005074       0x38 xcp_daq.c.o
 .text.xcpDaqReadUnlock
                0x080050ac       0x38 xcp_daq.c.o
 .text.isActiveDaqList
                0x080050e4       0x50 xcp_daq.c.o
 .text.noActiveDaqLists
                0x08005134       0x50 xcp_daq.c.o
 .text.isValidDaqPtr
                0x08005184       0xb8 xcp_daq.c.o
 .text.isValidDaqEntry
                0x0800523c       0x36 xcp_daq.c.o
 .text.isSupportedDaqListMode
                0x08005272       0x26 xcp_daq.c.o
 .text.isValidStartStopMode
                0x08005298       0x32 xcp_daq.c.o
 .text.isValidStartStopSynchMode
                0x080052ca       0x32 xcp_daq.c.o
 .text.absoluteOdtNumberIdentification
                0x080052fc       0x10 xcp_daq.c.o
 .text.isDaqPackedModeEnabled
                0x0800530c       0x6c xcp_daq.c.o
 .text.odtPacketSize
                0x08005378       0x54 xcp_daq.c.o
 .text.createDaqReservedPool
                0x080053cc       0x88 xcp_daq.c.o
 .text.destroyDaqReservedPool
                0x08005454       0x2c xcp_daq.c.o
 .text.setDaqPtrInputPacketHandler
                0x08005480       0xdc xcp_daq.c.o
 .text.writeDaqInputPacketHandler
                0x0800555c      0x198 xcp_daq.c.o
 .text.setDaqListModeInputPacketHandler
                0x080056f4      0x1c8 xcp_daq.c.o
 .text.startStopDaqListInputPacketHandler
                0x080058bc      0x3f4 xcp_daq.c.o
 .text.startStopDaqListOutputPacketHandler
                0x08005cb0       0x5c xcp_daq.c.o
 .text.startStopSynchInputPacketHandler
                0x08005d0c      0x328 xcp_daq.c.o
 .text.getDaqProcessorInfoInputPacketHandler
                0x08006034       0x28 xcp_daq.c.o
 .text.getDaqProcessorInfoOutputPacketHandler
                0x0800605c       0xac xcp_daq.c.o
 .text.getDaqResolutionInfoInputPacketHandler
                0x08006108       0x28 xcp_daq.c.o
 .text.getDaqResolutionInfoOutputPacketHandler
                0x08006130       0xb8 xcp_daq.c.o
 .text.freeDaqInputPacketHandler
                0x080061e8       0x5c xcp_daq.c.o
 .text.allocDaqInputPacketHandler
                0x08006244      0x18c xcp_daq.c.o
 .text.allocOdtInputPacketHandler
                0x080063d0      0x1c0 xcp_daq.c.o
 .text.allocOdtEntryInputPacketHandler
                0x08006590      0x270 xcp_daq.c.o
 .text.getDaqClockInputPacketHandler
                0x08006800       0x22 xcp_daq.c.o
 *fill*         0x08006822        0x2 
 .text.setDaqPackedModeInputPacketHandler
                0x08006824      0x21c xcp_daq.c.o
 .text.level1CommandInputPacketHandler
                0x08006a40       0x64 xcp_daq.c.o
 .text.getPacket
                0x08006aa4       0x24 xcp_daq.c.o
 .text.xcpDaqInit
                0x08006ac8       0x38 xcp_daq.c.o
                0x08006ac8                xcpDaqInit
 .text.xcpDaqGetPacketLookup
                0x08006b00       0x18 xcp_daq.c.o
                0x08006b00                xcpDaqGetPacketLookup
 .text.xcpDaqSetPacketLookup
                0x08006b18       0x20 xcp_daq.c.o
                0x08006b18                xcpDaqSetPacketLookup
 .text.xcpResetDaq
                0x08006b38       0xa4 xcp_daq.c.o
 .text.daqWriteXCPDataForOdt
                0x08006bdc       0x7c xcp_daq.c.o
 .text.odtWriteEntries
                0x08006c58       0x9c xcp_daq.c.o
 .text.xcpProcessDaq
                0x08006cf4      0x208 xcp_daq.c.o
 .text.xcpDaqEvent
                0x08006efc      0x108 xcp_daq.c.o
                0x08006efc                xcpDaqEvent
 .text.xcpDaqEventsFlush
                0x08007004      0x284 xcp_daq.c.o
                0x08007004                xcpDaqEventsFlush
 .text.xcpDaqLock
                0x08007288       0x1e xcp_daq.c.o
                0x08007288                xcpDaqLock
 .text.xcpDaqUnlock
                0x080072a6        0xe xcp_daq.c.o
                0x080072a6                xcpDaqUnlock
 .text.xcpResetDaqListStatus
                0x080072b4      0x19c xcp_daq.c.o
                0x080072b4                xcpResetDaqListStatus
 .text.xcpDaqReset
                0x08007450       0x20 xcp_daq.c.o
                0x08007450                xcpDaqReset
 .text.xcpDaqExtendedInit
                0x08007470        0xe xcp_daq.c.o
                0x08007470                xcpDaqExtendedInit
 .text.xcpDaqExtendedReset
                0x0800747e        0xe xcp_daq.c.o
                0x0800747e                xcpDaqExtendedReset
 .text.isValidShortDownloadSize
                0x0800748c       0x34 xcp_calibration.c.o
 .text.isValidDownloadSize
                0x080074c0       0x3a xcp_calibration.c.o
 *fill*         0x080074fa        0x2 
 .text.xcpMemcpyToMTA
                0x080074fc       0x34 xcp_calibration.c.o
 .text.downloadInputPacketHandler
                0x08007530       0xb0 xcp_calibration.c.o
 .text.shortDownloadInputPacketHandler
                0x080075e0       0xb8 xcp_calibration.c.o
 .text.getPacket
                0x08007698       0x24 xcp_calibration.c.o
 .text.xcpCalibrationInit
                0x080076bc       0x14 xcp_calibration.c.o
                0x080076bc                xcpCalibrationInit
 .text.xcpCalibrationGetPacketLookup
                0x080076d0       0x18 xcp_calibration.c.o
                0x080076d0                xcpCalibrationGetPacketLookup
 .text.xcpCalibrationSetPacketLookup
                0x080076e8       0x20 xcp_calibration.c.o
                0x080076e8                xcpCalibrationSetPacketLookup
 .text.xcpCalibrationReset
                0x08007708        0xe xcp_calibration.c.o
                0x08007708                xcpCalibrationReset
 .text.xcpFifoInit
                0x08007716       0x20 xcp_fifo.c.o
                0x08007716                xcpFifoInit
 .text.xcpFifoEnqueue
                0x08007736       0x2a xcp_fifo.c.o
                0x08007736                xcpFifoEnqueue
 .text.xcpFifoDequeue
                0x08007760       0x3e xcp_fifo.c.o
                0x08007760                xcpFifoDequeue
 .text.xcpFifoEnqueueHead
                0x0800779e       0x32 xcp_fifo.c.o
                0x0800779e                xcpFifoEnqueueHead
 .text.xcpFifoReset
                0x080077d0       0x16 xcp_fifo.c.o
                0x080077d0                xcpFifoReset
 *fill*         0x080077e6        0x2 
 .text.xcpTransportEmptyTxFifo
                0x080077e8       0x6c xcp_transport.c.o
 .text.xcpTransportEmptyRxFifo
                0x08007854       0x6c xcp_transport.c.o
 .text.xcpTransportInit
                0x080078c0      0x138 xcp_transport.c.o
                0x080078c0                xcpTransportInit
 .text.xcpTransportTxReady
                0x080079f8       0x1a xcp_transport.c.o
                0x080079f8                xcpTransportTxReady
 .text.xcpTransportTxTrigger
                0x08007a12       0x1a xcp_transport.c.o
                0x08007a12                xcpTransportTxTrigger
 .text.xcpTransportTxPacketSet
                0x08007a2c      0x144 xcp_transport.c.o
                0x08007a2c                xcpTransportTxPacketSet
 .text.xcpTransportTx
                0x08007b70       0xec xcp_transport.c.o
                0x08007b70                xcpTransportTx
 .text.xcpTransportRx
                0x08007c5c       0x80 xcp_transport.c.o
                0x08007c5c                xcpTransportRx
 .text.xcpTransportRxPacketGet
                0x08007cdc      0x12c xcp_transport.c.o
                0x08007cdc                xcpTransportRxPacketGet
 .text.xcpTransportPacketOffset
                0x08007e08       0x20 xcp_transport.c.o
                0x08007e08                xcpTransportPacketOffset
 .text.xcpTransportMsgBufferSize
                0x08007e28       0x70 xcp_transport.c.o
                0x08007e28                xcpTransportMsgBufferSize
 .text.xcpTransportMaxDtoSize
                0x08007e98        0xe xcp_transport.c.o
                0x08007e98                xcpTransportMaxDtoSize
 .text.xcpTransportMaxCtoSize
                0x08007ea6        0xe xcp_transport.c.o
                0x08007ea6                xcpTransportMaxCtoSize
 .text.xcpTransportRestart
                0x08007eb4       0x44 xcp_transport.c.o
                0x08007eb4                xcpTransportRestart
 .text.xcpTransportResynch
                0x08007ef8       0x40 xcp_transport.c.o
                0x08007ef8                xcpTransportResynch
 .text.xcpTransportCtoReservedMemPoolId
                0x08007f38       0x18 xcp_transport.c.o
                0x08007f38                xcpTransportCtoReservedMemPoolId
 .text.xcpTransportReset
                0x08007f50       0xe4 xcp_transport.c.o
                0x08007f50                xcpTransportReset
 .text.xcpInitializePoolMemoryArea
                0x08008034       0x72 xcp_mem_default.c.o
 *fill*         0x080080a6        0x2 
 .text.xcpMemInit
                0x080080a8      0x1d4 xcp_mem_default.c.o
                0x080080a8                xcpMemInit
 .text.xcpMemAlloc
                0x0800827c       0xe8 xcp_mem_default.c.o
                0x0800827c                xcpMemAlloc
 .text.xcpMemFree
                0x08008364      0x170 xcp_mem_default.c.o
                0x08008364                xcpMemFree
 .text.xcpMemReservedPoolCreate
                0x080084d4      0x224 xcp_mem_default.c.o
                0x080084d4                xcpMemReservedPoolCreate
 .text.xcpMemReservedPoolDestroy
                0x080086f8      0x158 xcp_mem_default.c.o
                0x080086f8                xcpMemReservedPoolDestroy
 .text.xcpMemCustomPoolCreate
                0x08008850       0xbc xcp_mem_default.c.o
                0x08008850                xcpMemCustomPoolCreate
 .text.xcpMemCustomPoolDestroy
                0x0800890c       0x64 xcp_mem_default.c.o
                0x0800890c                xcpMemCustomPoolDestroy
 .text.xcpMemAllocFromPool
                0x08008970      0x170 xcp_mem_default.c.o
                0x08008970                xcpMemAllocFromPool
 .text.xcpMemReset
                0x08008ae0       0x50 xcp_mem_default.c.o
                0x08008ae0                xcpMemReset
 .text.xcpDrvOpen
                0x08008b30       0x64 xcp_drv_rtiostream.c.o
                0x08008b30                xcpDrvOpen
 .text.xcpDrvIoctl
                0x08008b94       0x4c xcp_drv_rtiostream.c.o
                0x08008b94                xcpDrvIoctl
 .text.xcpDrvSend
                0x08008be0      0x14c xcp_drv_rtiostream.c.o
                0x08008be0                xcpDrvSend
 .text.xcpDrvRecv
                0x08008d2c      0x14c xcp_drv_rtiostream.c.o
                0x08008d2c                xcpDrvRecv
 .text.xcpDrvClose
                0x08008e78       0x5c xcp_drv_rtiostream.c.o
                0x08008e78                xcpDrvClose
 .text.xcpSortArray
                0x08008ed4       0xcc xcp_utils.c.o
                0x08008ed4                xcpSortArray
 .text.xcpSxiHtons
                0x08008fa0       0x18 xcp_frame_serial.c.o
 .text.xcpSxiNtohs
                0x08008fb8       0x1c xcp_frame_serial.c.o
 .text.xcpSxiChecksum
                0x08008fd4       0x3e xcp_frame_serial.c.o
                0x08008fd4                xcpSxiChecksum
 *fill*         0x08009012        0x2 
 .text.xcpFrameInit
                0x08009014       0x70 xcp_frame_serial.c.o
                0x08009014                xcpFrameInit
 .text.xcpFrameMsgSend
                0x08009084      0x188 xcp_frame_serial.c.o
                0x08009084                xcpFrameMsgSend
 .text.xcpFrameMsgRecv
                0x0800920c      0x180 xcp_frame_serial.c.o
                0x0800920c                xcpFrameMsgRecv
 .text.xcpFrameCreateMsg
                0x0800938c       0x94 xcp_frame_serial.c.o
                0x0800938c                xcpFrameCreateMsg
 .text.xcpFrameExtractPacket
                0x08009420      0x158 xcp_frame_serial.c.o
                0x08009420                xcpFrameExtractPacket
 .text.xcpFrameHeaderSize
                0x08009578       0x10 xcp_frame_serial.c.o
                0x08009578                xcpFrameHeaderSize
 .text.xcpFrameTailSize
                0x08009588       0x10 xcp_frame_serial.c.o
                0x08009588                xcpFrameTailSize
 .text.xcpFrameMaxDtoSize
                0x08009598       0x12 xcp_frame_serial.c.o
                0x08009598                xcpFrameMaxDtoSize
 .text.xcpFrameMaxCtoSize
                0x080095aa       0x10 xcp_frame_serial.c.o
                0x080095aa                xcpFrameMaxCtoSize
 *fill*         0x080095ba        0x2 
 .text.xcpFrameRestart
                0x080095bc       0x30 xcp_frame_serial.c.o
                0x080095bc                xcpFrameRestart
 .text.xcpFrameSetCtoReservedMemPoolId
                0x080095ec       0x20 xcp_frame_serial.c.o
                0x080095ec                xcpFrameSetCtoReservedMemPoolId
 .text.xcpFrameReset
                0x0800960c       0x70 xcp_frame_serial.c.o
                0x0800960c                xcpFrameReset
 .text.xcpTransportGetInitParameters
                0x0800967c       0x2e xcp_ext_param_default_serial.c.o
                0x0800967c                xcpTransportGetInitParameters
 .text.xcpGetInitParameters
                0x080096aa       0x2e xcp_ext_param_default_serial.c.o
                0x080096aa                xcpGetInitParameters
 .text.HAL_Delay
                0x080096d8       0x2e overrideHALDelay.c.o
                0x080096d8                HAL_Delay
 *fill*         0x08009706        0x2 
 .text.PeriphCommonClock_Config
                0x08009708       0x10 platform_timer.c.o
                0x08009708                PeriphCommonClock_Config
 .text.getCurrentTimestampInMicros
                0x08009718       0x3c platform_timer.c.o
                0x08009718                getCurrentTimestampInMicros
 .text.returnTimeElapsed
                0x08009754       0x2c platform_timer.c.o
                0x08009754                returnTimeElapsed
 .text.timestampInit
                0x08009780       0x28 platform_timer.c.o
 .text.getCurrentTimestamp
                0x080097a8       0x44 platform_timer.c.o
                0x080097a8                getCurrentTimestamp
 .text.__NVIC_SetPriority
                0x080097ec       0x54 SysTickScheduler.c.o
 .text.SysTick_Config
                0x08009840       0x44 SysTickScheduler.c.o
 .text.SysTick_Isr
                0x08009884       0x48 SysTickScheduler.c.o
 .text.SysTick_Handler
                0x080098cc       0x20 SysTickScheduler.c.o
                0x080098cc                SysTick_Handler
 .text.ARMCM_SysTick_Config
                0x080098ec       0xb0 SysTickScheduler.c.o
                0x080098ec                ARMCM_SysTick_Config
 .text.PendSV_Handler
                0x0800999c       0x44 m3m4m4f_multitasking.c.o
                0x0800999c                PendSV_Handler
 .text.SVC_Handler
                0x080099e0       0x58 m3m4m4f_multitasking.c.o
                0x080099e0                SVC_Handler
 .text.rtIOStreamOpen
                0x08009a38       0x44 rtiostream_serial.c.o
                0x08009a38                rtIOStreamOpen
 .text.rtIOStreamSend
                0x08009a7c       0x38 rtiostream_serial.c.o
                0x08009a7c                rtIOStreamSend
 .text.rtIOStreamRecv
                0x08009ab4       0x48 rtiostream_serial.c.o
                0x08009ab4                rtIOStreamRecv
 .text.rtIOStreamClose
                0x08009afc       0x20 rtiostream_serial.c.o
                0x08009afc                rtIOStreamClose
 .text.LL_DMA_GetDataLength
                0x08009b1c       0x30 stm_usart.c.o
 .text.getAvailableDataInBuffer
                0x08009b4c       0xcc stm_usart.c.o
                0x08009b4c                getAvailableDataInBuffer
 .text.getBytesToBeReadFromBuffer
                0x08009c18       0x6e stm_usart.c.o
                0x08009c18                getBytesToBeReadFromBuffer
 *fill*         0x08009c86        0x2 
 .text.readDataFromBuffer
                0x08009c88       0xdc stm_usart.c.o
                0x08009c88                readDataFromBuffer
 .text.__NVIC_GetPriorityGrouping
                0x08009d64       0x1c stm_lpuart.c.o
 .text.__NVIC_EnableIRQ
                0x08009d80       0x3c stm_lpuart.c.o
 .text.__NVIC_SetPriority
                0x08009dbc       0x54 stm_lpuart.c.o
 .text.NVIC_EncodePriority
                0x08009e10       0x66 stm_lpuart.c.o
 *fill*         0x08009e76        0x2 
 .text.LL_DMA_EnableChannel
                0x08009e78       0x44 stm_lpuart.c.o
 .text.LL_DMA_DisableChannel
                0x08009ebc       0x44 stm_lpuart.c.o
 .text.LL_DMA_GetMode
                0x08009f00       0x34 stm_lpuart.c.o
 .text.LL_DMA_SetDataLength
                0x08009f34       0x4c stm_lpuart.c.o
 .text.LL_DMA_ConfigAddresses
                0x08009f80       0x7c stm_lpuart.c.o
 .text.LL_DMA_IsActiveFlag_TC1
                0x08009ffc       0x26 stm_lpuart.c.o
 .text.LL_DMA_ClearFlag_TC1
                0x0800a022       0x1a stm_lpuart.c.o
 .text.LL_DMA_EnableIT_TC
                0x0800a03c       0x44 stm_lpuart.c.o
 .text.LL_DMA_DisableIT_TC
                0x0800a080       0x44 stm_lpuart.c.o
 .text.LL_DMA_IsEnabledIT_TC
                0x0800a0c4       0x3c stm_lpuart.c.o
 .text.LL_LPUART_Enable
                0x0800a100       0x20 stm_lpuart.c.o
 .text.LL_LPUART_Disable
                0x0800a120       0x20 stm_lpuart.c.o
 .text.LL_LPUART_IsEnabled
                0x0800a140       0x26 stm_lpuart.c.o
 .text.LL_LPUART_IsActiveFlag_PE
                0x0800a166       0x26 stm_lpuart.c.o
 .text.LL_LPUART_IsActiveFlag_FE
                0x0800a18c       0x26 stm_lpuart.c.o
 .text.LL_LPUART_IsActiveFlag_NE
                0x0800a1b2       0x26 stm_lpuart.c.o
 .text.LL_LPUART_IsActiveFlag_ORE
                0x0800a1d8       0x26 stm_lpuart.c.o
 .text.LL_LPUART_IsActiveFlag_TC
                0x0800a1fe       0x26 stm_lpuart.c.o
 .text.LL_LPUART_IsActiveFlag_TXE_TXFNF
                0x0800a224       0x26 stm_lpuart.c.o
 .text.LL_LPUART_ClearFlag_PE
                0x0800a24a       0x1a stm_lpuart.c.o
 .text.LL_LPUART_ClearFlag_FE
                0x0800a264       0x1a stm_lpuart.c.o
 .text.LL_LPUART_ClearFlag_NE
                0x0800a27e       0x1a stm_lpuart.c.o
 .text.LL_LPUART_ClearFlag_ORE
                0x0800a298       0x1a stm_lpuart.c.o
 .text.LL_LPUART_EnableIT_RXNE_RXFNE
                0x0800a2b2       0x42 stm_lpuart.c.o
 .text.LL_LPUART_EnableIT_PE
                0x0800a2f4       0x42 stm_lpuart.c.o
 .text.LL_LPUART_EnableIT_ERROR
                0x0800a336       0x46 stm_lpuart.c.o
 .text.LL_LPUART_DisableIT_RXNE_RXFNE
                0x0800a37c       0x42 stm_lpuart.c.o
 .text.LL_LPUART_DisableIT_TXE_TXFNF
                0x0800a3be       0x42 stm_lpuart.c.o
 .text.LL_LPUART_DisableIT_PE
                0x0800a400       0x42 stm_lpuart.c.o
 .text.LL_LPUART_DisableIT_ERROR
                0x0800a442       0x46 stm_lpuart.c.o
 .text.LL_LPUART_EnableDMAReq_RX
                0x0800a488       0x46 stm_lpuart.c.o
 .text.LL_LPUART_DisableDMAReq_RX
                0x0800a4ce       0x46 stm_lpuart.c.o
 .text.LL_LPUART_EnableDMAReq_TX
                0x0800a514       0x46 stm_lpuart.c.o
 .text.LL_LPUART_DisableDMAReq_TX
                0x0800a55a       0x46 stm_lpuart.c.o
 .text.LL_LPUART_DMA_GetRegAddr
                0x0800a5a0       0x2c stm_lpuart.c.o
 .text.LL_LPUART_ReceiveData8
                0x0800a5cc       0x1a stm_lpuart.c.o
 .text.LL_LPUART_TransmitData8
                0x0800a5e6       0x1e stm_lpuart.c.o
 .text.LPUART_RXDMAInterruptHandler
                0x0800a604       0xd4 stm_lpuart.c.o
                0x0800a604                LPUART_RXDMAInterruptHandler
 .text.LPUART_IsActiveFlagError
                0x0800a6d8       0xf4 stm_lpuart.c.o
                0x0800a6d8                LPUART_IsActiveFlagError
 .text.LPUART1_IRQHandler
                0x0800a7cc       0x14 stm_lpuart.c.o
                0x0800a7cc                LPUART1_IRQHandler
 .text.DMA1_Channel1_IRQHandler
                0x0800a7e0       0x20 stm_lpuart.c.o
                0x0800a7e0                DMA1_Channel1_IRQHandler
 .text.LPUART_ConfigureReceiveDMA
                0x0800a800       0xae stm_lpuart.c.o
                0x0800a800                LPUART_ConfigureReceiveDMA
 .text.LPUART_ConfigureTransmitDMA
                0x0800a8ae       0x7a stm_lpuart.c.o
                0x0800a8ae                LPUART_ConfigureTransmitDMA
 .text.MW_LPUART_GetReadErrorStatus
                0x0800a928       0xc8 stm_lpuart.c.o
                0x0800a928                MW_LPUART_GetReadErrorStatus
 .text.MW_LPUART_Initialize
                0x0800a9f0      0x170 stm_lpuart.c.o
                0x0800a9f0                MW_LPUART_Initialize
 .text.MW_LPUART_ReceiveUsingBuffer
                0x0800ab60       0x5c stm_lpuart.c.o
                0x0800ab60                MW_LPUART_ReceiveUsingBuffer
 .text.MW_LPUART_TransmitUsingPolling
                0x0800abbc      0x184 stm_lpuart.c.o
                0x0800abbc                MW_LPUART_TransmitUsingPolling
 .text.MW_LPUART_DeInit
                0x0800ad40       0xaa stm_lpuart.c.o
                0x0800ad40                MW_LPUART_DeInit
 .text.sys_arch_protect_arm
                0x0800adea       0x22 sys_arch_arm.c.o
                0x0800adea                sys_arch_protect_arm
 .text.sys_arch_unprotect_arm
                0x0800ae0c       0x20 sys_arch_arm.c.o
                0x0800ae0c                sys_arch_unprotect_arm
 .text.__NVIC_GetPriorityGrouping
                0x0800ae2c       0x1c main.c.o
 .text.__NVIC_EnableIRQ
                0x0800ae48       0x3c main.c.o
 .text.__NVIC_SetPriority
                0x0800ae84       0x54 main.c.o
 .text.NVIC_EncodePriority
                0x0800aed8       0x66 main.c.o
 *fill*         0x0800af3e        0x2 
 .text.LL_DMA_SetDataTransferDirection
                0x0800af40       0x50 main.c.o
 .text.LL_DMA_SetMode
                0x0800af90       0x4c main.c.o
 .text.LL_DMA_SetPeriphIncMode
                0x0800afdc       0x4c main.c.o
 .text.LL_DMA_SetMemoryIncMode
                0x0800b028       0x4c main.c.o
 .text.LL_DMA_SetPeriphSize
                0x0800b074       0x4c main.c.o
 .text.LL_DMA_SetMemorySize
                0x0800b0c0       0x4c main.c.o
 .text.LL_DMA_SetChannelPriorityLevel
                0x0800b10c       0x4c main.c.o
 .text.LL_DMA_SetPeriphRequest
                0x0800b158       0x54 main.c.o
 .text.LL_LPUART_Enable
                0x0800b1ac       0x20 main.c.o
 .text.LL_LPUART_DisableFIFO
                0x0800b1cc       0x20 main.c.o
 .text.LL_LPUART_SetTXFIFOThreshold
                0x0800b1ec       0x4e main.c.o
 .text.LL_LPUART_SetRXFIFOThreshold
                0x0800b23a       0x4e main.c.o
 .text.LL_LPUART_IsActiveFlag_TEACK
                0x0800b288       0x28 main.c.o
 .text.LL_LPUART_IsActiveFlag_REACK
                0x0800b2b0       0x28 main.c.o
 .text.LL_RCC_HSI_Enable
                0x0800b2d8       0x20 main.c.o
 .text.LL_RCC_HSI_IsReady
                0x0800b2f8       0x28 main.c.o
 .text.LL_RCC_HSI_SetCalibTrimming
                0x0800b320       0x2c main.c.o
 .text.LL_RCC_SetSysClkSource
                0x0800b34c       0x28 main.c.o
 .text.LL_RCC_GetSysClkSource
                0x0800b374       0x1c main.c.o
 .text.LL_RCC_SetAHBPrescaler
                0x0800b390       0x28 main.c.o
 .text.LL_RCC_SetAPB1Prescaler
                0x0800b3b8       0x28 main.c.o
 .text.LL_RCC_SetAPB2Prescaler
                0x0800b3e0       0x28 main.c.o
 .text.LL_RCC_SetLPUARTClockSource
                0x0800b408       0x2c main.c.o
 .text.LL_RCC_PLL_Enable
                0x0800b434       0x20 main.c.o
 .text.LL_RCC_PLL_IsReady
                0x0800b454       0x28 main.c.o
 .text.LL_RCC_PLL_ConfigDomain_SYS
                0x0800b47c       0x40 main.c.o
 .text.LL_RCC_PLL_EnableDomain_SYS
                0x0800b4bc       0x20 main.c.o
 .text.LL_AHB1_GRP1_EnableClock
                0x0800b4dc       0x30 main.c.o
 .text.LL_AHB2_GRP1_EnableClock
                0x0800b50c       0x30 main.c.o
 .text.LL_APB1_GRP1_EnableClock
                0x0800b53c       0x30 main.c.o
 .text.LL_APB1_GRP2_EnableClock
                0x0800b56c       0x30 main.c.o
 .text.LL_APB2_GRP1_EnableClock
                0x0800b59c       0x30 main.c.o
 .text.LL_FLASH_SetLatency
                0x0800b5cc       0x28 main.c.o
 .text.LL_FLASH_GetLatency
                0x0800b5f4       0x1c main.c.o
 .text.LL_PWR_EnableRange1BoostMode
                0x0800b610       0x24 main.c.o
 .text.LL_TIM_DisableARRPreload
                0x0800b634       0x20 main.c.o
 .text.LL_TIM_IC_SetActiveInput
                0x0800b654       0xc0 main.c.o
 .text.LL_TIM_IC_SetPrescaler
                0x0800b714       0xc0 main.c.o
 .text.LL_TIM_IC_SetFilter
                0x0800b7d4       0xc0 main.c.o
 .text.LL_TIM_IC_SetPolarity
                0x0800b894       0xac main.c.o
 .text.LL_TIM_SetEncoderMode
                0x0800b940       0x2a main.c.o
 .text.LL_TIM_SetTriggerOutput
                0x0800b96a       0x2a main.c.o
 .text.LL_TIM_SetTriggerOutput2
                0x0800b994       0x26 main.c.o
 .text.LL_TIM_DisableMasterSlaveMode
                0x0800b9ba       0x20 main.c.o
 *fill*         0x0800b9da        0x2 
 .text.SystemClock_Config
                0x0800b9dc       0xb0 main.c.o
                0x0800b9dc                SystemClock_Config
 .text.MX_LPUART1_UART_Init
                0x0800ba8c      0x148 main.c.o
                0x0800ba8c                MX_LPUART1_UART_Init
 .text.MX_TIM3_Init
                0x0800bbd4      0x114 main.c.o
                0x0800bbd4                MX_TIM3_Init
 .text.MX_TIM4_Init
                0x0800bce8      0x118 main.c.o
                0x0800bce8                MX_TIM4_Init
 .text.MX_TIM20_Init
                0x0800be00      0x130 main.c.o
                0x0800be00                MX_TIM20_Init
 .text.MX_DMA_Init
                0x0800bf30       0x34 main.c.o
                0x0800bf30                MX_DMA_Init
 .text.MX_GPIO_Init
                0x0800bf64       0x9c main.c.o
                0x0800bf64                MX_GPIO_Init
 .text.HAL_TIM_PeriodElapsedCallback
                0x0800c000       0x1e main.c.o
                0x0800c000                HAL_TIM_PeriodElapsedCallback
 .text.Error_Handler
                0x0800c01e        0xc main.c.o
                0x0800c01e                Error_Handler
 .text.NMI_Handler
                0x0800c02a        0x8 stm32g4xx_it.c.o
                0x0800c02a                NMI_Handler
 .text.HardFault_Handler
                0x0800c032        0x8 stm32g4xx_it.c.o
                0x0800c032                HardFault_Handler
 .text.MemManage_Handler
                0x0800c03a        0x8 stm32g4xx_it.c.o
                0x0800c03a                MemManage_Handler
 .text.BusFault_Handler
                0x0800c042        0x8 stm32g4xx_it.c.o
                0x0800c042                BusFault_Handler
 .text.UsageFault_Handler
                0x0800c04a        0x8 stm32g4xx_it.c.o
                0x0800c04a                UsageFault_Handler
 .text.DebugMon_Handler
                0x0800c052        0xe stm32g4xx_it.c.o
                0x0800c052                DebugMon_Handler
 .text.TIM2_IRQHandler
                0x0800c060       0x14 stm32g4xx_it.c.o
                0x0800c060                TIM2_IRQHandler
 .text.HAL_MspInit
                0x0800c074       0x48 stm32g4xx_hal_msp.c.o
                0x0800c074                HAL_MspInit
 .text.HAL_InitTick
                0x0800c0bc       0xd8 stm32g4xx_hal_timebase_tim.c.o
                0x0800c0bc                HAL_InitTick
 .text.LL_SetSystemCoreClock
                0x0800c194       0x20 stm32g4xx_ll_utils.c.o
                0x0800c194                LL_SetSystemCoreClock
 .text.HAL_TIM_Base_Init
                0x0800c1b4       0xae stm32g4xx_hal_tim.c.o
                0x0800c1b4                HAL_TIM_Base_Init
 .text.HAL_TIM_Base_MspInit
                0x0800c262       0x14 stm32g4xx_hal_tim.c.o
                0x0800c262                HAL_TIM_Base_MspInit
 *fill*         0x0800c276        0x2 
 .text.HAL_TIM_Base_Start_IT
                0x0800c278       0xf0 stm32g4xx_hal_tim.c.o
                0x0800c278                HAL_TIM_Base_Start_IT
 .text.HAL_TIM_IRQHandler
                0x0800c368      0x29e stm32g4xx_hal_tim.c.o
                0x0800c368                HAL_TIM_IRQHandler
 .text.HAL_TIM_OC_DelayElapsedCallback
                0x0800c606       0x14 stm32g4xx_hal_tim.c.o
                0x0800c606                HAL_TIM_OC_DelayElapsedCallback
 .text.HAL_TIM_IC_CaptureCallback
                0x0800c61a       0x14 stm32g4xx_hal_tim.c.o
                0x0800c61a                HAL_TIM_IC_CaptureCallback
 .text.HAL_TIM_PWM_PulseFinishedCallback
                0x0800c62e       0x14 stm32g4xx_hal_tim.c.o
                0x0800c62e                HAL_TIM_PWM_PulseFinishedCallback
 .text.HAL_TIM_TriggerCallback
                0x0800c642       0x14 stm32g4xx_hal_tim.c.o
                0x0800c642                HAL_TIM_TriggerCallback
 *fill*         0x0800c656        0x2 
 .text.TIM_Base_SetConfig
                0x0800c658      0x168 stm32g4xx_hal_tim.c.o
                0x0800c658                TIM_Base_SetConfig
 .text.HAL_TIMEx_CommutCallback
                0x0800c7c0       0x14 stm32g4xx_hal_tim_ex.c.o
                0x0800c7c0                HAL_TIMEx_CommutCallback
 .text.HAL_TIMEx_BreakCallback
                0x0800c7d4       0x14 stm32g4xx_hal_tim_ex.c.o
                0x0800c7d4                HAL_TIMEx_BreakCallback
 .text.HAL_TIMEx_Break2Callback
                0x0800c7e8       0x14 stm32g4xx_hal_tim_ex.c.o
                0x0800c7e8                HAL_TIMEx_Break2Callback
 .text.HAL_TIMEx_EncoderIndexCallback
                0x0800c7fc       0x14 stm32g4xx_hal_tim_ex.c.o
                0x0800c7fc                HAL_TIMEx_EncoderIndexCallback
 .text.HAL_TIMEx_DirectionChangeCallback
                0x0800c810       0x14 stm32g4xx_hal_tim_ex.c.o
                0x0800c810                HAL_TIMEx_DirectionChangeCallback
 .text.HAL_TIMEx_IndexErrorCallback
                0x0800c824       0x14 stm32g4xx_hal_tim_ex.c.o
                0x0800c824                HAL_TIMEx_IndexErrorCallback
 .text.HAL_TIMEx_TransitionErrorCallback
                0x0800c838       0x14 stm32g4xx_hal_tim_ex.c.o
                0x0800c838                HAL_TIMEx_TransitionErrorCallback
 .text.LL_GPIO_SetPinMode
                0x0800c84c       0x7a stm32g4xx_ll_gpio.c.o
 .text.LL_GPIO_SetPinOutputType
                0x0800c8c6       0x30 stm32g4xx_ll_gpio.c.o
 .text.LL_GPIO_SetPinSpeed
                0x0800c8f6       0x7a stm32g4xx_ll_gpio.c.o
 .text.LL_GPIO_SetPinPull
                0x0800c970       0x7a stm32g4xx_ll_gpio.c.o
 .text.LL_GPIO_SetAFPin_0_7
                0x0800c9ea       0x7a stm32g4xx_ll_gpio.c.o
 .text.LL_GPIO_SetAFPin_8_15
                0x0800ca64       0x7e stm32g4xx_ll_gpio.c.o
 .text.LL_GPIO_Init
                0x0800cae2       0xdc stm32g4xx_ll_gpio.c.o
                0x0800cae2                LL_GPIO_Init
 .text.LL_LPUART_IsEnabled
                0x0800cbbe       0x26 stm32g4xx_ll_lpuart.c.o
 .text.LL_LPUART_SetPrescaler
                0x0800cbe4       0x28 stm32g4xx_ll_lpuart.c.o
 .text.LL_LPUART_SetStopBitsLength
                0x0800cc0c       0x26 stm32g4xx_ll_lpuart.c.o
 .text.LL_LPUART_SetHWFlowCtrl
                0x0800cc32       0x26 stm32g4xx_ll_lpuart.c.o
 .text.LL_LPUART_SetBaudRate
                0x0800cc58       0x98 stm32g4xx_ll_lpuart.c.o
 .text.LL_LPUART_Init
                0x0800ccf0       0x98 stm32g4xx_ll_lpuart.c.o
                0x0800ccf0                LL_LPUART_Init
 .text.LL_RCC_HSI_IsReady
                0x0800cd88       0x28 stm32g4xx_ll_rcc.c.o
 .text.LL_RCC_LSE_IsReady
                0x0800cdb0       0x28 stm32g4xx_ll_rcc.c.o
 .text.LL_RCC_GetSysClkSource
                0x0800cdd8       0x1c stm32g4xx_ll_rcc.c.o
 .text.LL_RCC_GetAHBPrescaler
                0x0800cdf4       0x1c stm32g4xx_ll_rcc.c.o
 .text.LL_RCC_GetAPB1Prescaler
                0x0800ce10       0x1c stm32g4xx_ll_rcc.c.o
 .text.LL_RCC_GetLPUARTClockSource
                0x0800ce2c       0x24 stm32g4xx_ll_rcc.c.o
 .text.LL_RCC_PLL_GetMainSource
                0x0800ce50       0x1c stm32g4xx_ll_rcc.c.o
 .text.LL_RCC_PLL_GetN
                0x0800ce6c       0x1c stm32g4xx_ll_rcc.c.o
 .text.LL_RCC_PLL_GetR
                0x0800ce88       0x1c stm32g4xx_ll_rcc.c.o
 .text.LL_RCC_PLL_GetDivider
                0x0800cea4       0x1c stm32g4xx_ll_rcc.c.o
 .text.LL_RCC_GetLPUARTClockFreq
                0x0800cec0       0x84 stm32g4xx_ll_rcc.c.o
                0x0800cec0                LL_RCC_GetLPUARTClockFreq
 .text.RCC_GetSystemClockFreq
                0x0800cf44       0x4c stm32g4xx_ll_rcc.c.o
 .text.RCC_GetHCLKClockFreq
                0x0800cf90       0x30 stm32g4xx_ll_rcc.c.o
 .text.RCC_GetPCLK1ClockFreq
                0x0800cfc0       0x2c stm32g4xx_ll_rcc.c.o
 .text.RCC_PLL_GetFreqDomain_SYS
                0x0800cfec       0x68 stm32g4xx_ll_rcc.c.o
 .text.HAL_Init
                0x0800d054       0x30 stm32g4xx_hal.c.o
                0x0800d054                HAL_Init
 .text.HAL_IncTick
                0x0800d084       0x24 stm32g4xx_hal.c.o
                0x0800d084                HAL_IncTick
 .text.HAL_GetTick
                0x0800d0a8       0x18 stm32g4xx_hal.c.o
                0x0800d0a8                HAL_GetTick
 .text.HAL_RCC_GetHCLKFreq
                0x0800d0c0       0x18 stm32g4xx_hal_rcc.c.o
                0x0800d0c0                HAL_RCC_GetHCLKFreq
 .text.HAL_RCC_GetPCLK1Freq
                0x0800d0d8       0x2c stm32g4xx_hal_rcc.c.o
                0x0800d0d8                HAL_RCC_GetPCLK1Freq
 .text.HAL_RCC_GetClockConfig
                0x0800d104       0x64 stm32g4xx_hal_rcc.c.o
                0x0800d104                HAL_RCC_GetClockConfig
 .text.HAL_PWREx_DisableUCPDDeadBattery
                0x0800d168       0x20 stm32g4xx_hal_pwr_ex.c.o
                0x0800d168                HAL_PWREx_DisableUCPDDeadBattery
 .text.__NVIC_SetPriorityGrouping
                0x0800d188       0x48 stm32g4xx_hal_cortex.c.o
 .text.__NVIC_GetPriorityGrouping
                0x0800d1d0       0x1c stm32g4xx_hal_cortex.c.o
 .text.__NVIC_EnableIRQ
                0x0800d1ec       0x3c stm32g4xx_hal_cortex.c.o
 .text.__NVIC_SetPriority
                0x0800d228       0x54 stm32g4xx_hal_cortex.c.o
 .text.NVIC_EncodePriority
                0x0800d27c       0x66 stm32g4xx_hal_cortex.c.o
 .text.HAL_NVIC_SetPriorityGrouping
                0x0800d2e2       0x16 stm32g4xx_hal_cortex.c.o
                0x0800d2e2                HAL_NVIC_SetPriorityGrouping
 .text.HAL_NVIC_SetPriority
                0x0800d2f8       0x34 stm32g4xx_hal_cortex.c.o
                0x0800d2f8                HAL_NVIC_SetPriority
 .text.HAL_NVIC_EnableIRQ
                0x0800d32c       0x1c stm32g4xx_hal_cortex.c.o
                0x0800d32c                HAL_NVIC_EnableIRQ
 .text.LL_TIM_SetPrescaler
                0x0800d348       0x1c stm32g4xx_ll_tim.c.o
 .text.LL_TIM_SetAutoReload
                0x0800d364       0x1c stm32g4xx_ll_tim.c.o
 .text.LL_TIM_SetRepetitionCounter
                0x0800d380       0x1c stm32g4xx_ll_tim.c.o
 .text.LL_TIM_GenerateEvent_UPDATE
                0x0800d39c       0x20 stm32g4xx_ll_tim.c.o
 .text.LL_TIM_Init
                0x0800d3bc      0x144 stm32g4xx_ll_tim.c.o
                0x0800d3bc                LL_TIM_Init
 .text.SystemInit
                0x0800d500       0x24 system_stm32g4xx.c.o
                0x0800d500                SystemInit
 .text.Reset_Handler
                0x0800d524       0x50 startup_stm32g474retx.s.o
                0x0800d524                Reset_Handler
 .text.Default_Handler
                0x0800d574        0x2 startup_stm32g474retx.s.o
                0x0800d574                RTC_Alarm_IRQHandler
                0x0800d574                EXTI2_IRQHandler
                0x0800d574                TIM8_TRG_COM_IRQHandler
                0x0800d574                TIM8_CC_IRQHandler
                0x0800d574                HRTIM1_Master_IRQHandler
                0x0800d574                SPI4_IRQHandler
                0x0800d574                FDCAN3_IT0_IRQHandler
                0x0800d574                TIM1_CC_IRQHandler
                0x0800d574                HRTIM1_FLT_IRQHandler
                0x0800d574                HRTIM1_TIMF_IRQHandler
                0x0800d574                USB_HP_IRQHandler
                0x0800d574                CORDIC_IRQHandler
                0x0800d574                HRTIM1_TIMD_IRQHandler
                0x0800d574                DMA2_Channel8_IRQHandler
                0x0800d574                EXTI3_IRQHandler
                0x0800d574                I2C3_ER_IRQHandler
                0x0800d574                EXTI0_IRQHandler
                0x0800d574                I2C2_EV_IRQHandler
                0x0800d574                FPU_IRQHandler
                0x0800d574                FDCAN1_IT1_IRQHandler
                0x0800d574                TIM1_UP_TIM16_IRQHandler
                0x0800d574                ADC1_2_IRQHandler
                0x0800d574                HRTIM1_TIME_IRQHandler
                0x0800d574                SPI1_IRQHandler
                0x0800d574                TIM6_DAC_IRQHandler
                0x0800d574                HRTIM1_TIMC_IRQHandler
                0x0800d574                TIM8_UP_IRQHandler
                0x0800d574                DMA2_Channel2_IRQHandler
                0x0800d574                DMA1_Channel4_IRQHandler
                0x0800d574                TIM20_TRG_COM_IRQHandler
                0x0800d574                USART3_IRQHandler
                0x0800d574                DMA1_Channel7_IRQHandler
                0x0800d574                UART5_IRQHandler
                0x0800d574                ADC3_IRQHandler
                0x0800d574                TIM4_IRQHandler
                0x0800d574                DMA2_Channel1_IRQHandler
                0x0800d574                QUADSPI_IRQHandler
                0x0800d574                I2C1_EV_IRQHandler
                0x0800d574                DMA1_Channel6_IRQHandler
                0x0800d574                UART4_IRQHandler
                0x0800d574                DMA2_Channel4_IRQHandler
                0x0800d574                TIM3_IRQHandler
                0x0800d574                RCC_IRQHandler
                0x0800d574                TIM20_UP_IRQHandler
                0x0800d574                Default_Handler
                0x0800d574                DMA2_Channel7_IRQHandler
                0x0800d574                RTC_TAMP_LSECSS_IRQHandler
                0x0800d574                FMAC_IRQHandler
                0x0800d574                EXTI15_10_IRQHandler
                0x0800d574                DMA1_Channel8_IRQHandler
                0x0800d574                HRTIM1_TIMA_IRQHandler
                0x0800d574                TIM7_DAC_IRQHandler
                0x0800d574                FDCAN3_IT1_IRQHandler
                0x0800d574                TIM5_IRQHandler
                0x0800d574                UCPD1_IRQHandler
                0x0800d574                I2C3_EV_IRQHandler
                0x0800d574                EXTI9_5_IRQHandler
                0x0800d574                RTC_WKUP_IRQHandler
                0x0800d574                PVD_PVM_IRQHandler
                0x0800d574                SPI2_IRQHandler
                0x0800d574                ADC5_IRQHandler
                0x0800d574                DMA2_Channel5_IRQHandler
                0x0800d574                CRS_IRQHandler
                0x0800d574                DMA1_Channel5_IRQHandler
                0x0800d574                USB_LP_IRQHandler
                0x0800d574                EXTI4_IRQHandler
                0x0800d574                RNG_IRQHandler
                0x0800d574                HRTIM1_TIMB_IRQHandler
                0x0800d574                TIM1_TRG_COM_TIM17_IRQHandler
                0x0800d574                FDCAN2_IT1_IRQHandler
                0x0800d574                DMA1_Channel3_IRQHandler
                0x0800d574                ADC4_IRQHandler
                0x0800d574                WWDG_IRQHandler
                0x0800d574                I2C4_EV_IRQHandler
                0x0800d574                FDCAN2_IT0_IRQHandler
                0x0800d574                DMA2_Channel6_IRQHandler
                0x0800d574                FDCAN1_IT0_IRQHandler
                0x0800d574                COMP7_IRQHandler
                0x0800d574                COMP1_2_3_IRQHandler
                0x0800d574                EXTI1_IRQHandler
                0x0800d574                USART2_IRQHandler
                0x0800d574                COMP4_5_6_IRQHandler
                0x0800d574                TIM20_BRK_IRQHandler
                0x0800d574                I2C2_ER_IRQHandler
                0x0800d574                DMA1_Channel2_IRQHandler
                0x0800d574                TIM8_BRK_IRQHandler
                0x0800d574                FLASH_IRQHandler
                0x0800d574                TIM20_CC_IRQHandler
                0x0800d574                USART1_IRQHandler
                0x0800d574                SPI3_IRQHandler
                0x0800d574                I2C1_ER_IRQHandler
                0x0800d574                FMC_IRQHandler
                0x0800d574                LPTIM1_IRQHandler
                0x0800d574                DMAMUX_OVR_IRQHandler
                0x0800d574                I2C4_ER_IRQHandler
                0x0800d574                USBWakeUp_IRQHandler
                0x0800d574                SAI1_IRQHandler
                0x0800d574                DMA2_Channel3_IRQHandler
                0x0800d574                TIM1_BRK_TIM15_IRQHandler
 .text.LL_TIM_GetCounterMode
                0x0800d576       0x30 stm_timer_ll.c.o
 .text.LL_TIM_GetCounter
                0x0800d5a6       0x18 stm_timer_ll.c.o
 .text.LL_TIM_GetRepetitionCounter
                0x0800d5be       0x18 stm_timer_ll.c.o
 .text.LL_TIM_CC_EnableChannel
                0x0800d5d6       0x22 stm_timer_ll.c.o
 .text.LL_TIM_CC_DisableChannel
                0x0800d5f8       0x24 stm_timer_ll.c.o
 .text.LL_TIM_EnableAllOutputs
                0x0800d61c       0x20 stm_timer_ll.c.o
 .text.LL_TIM_IsActiveFlag_IDX
                0x0800d63c       0x28 stm_timer_ll.c.o
 .text.LL_TIM_EnableIT_UPDATE
                0x0800d664       0x20 stm_timer_ll.c.o
 .text.LL_TIM_DisableIT_UPDATE
                0x0800d684       0x20 stm_timer_ll.c.o
 .text.LL_TIM_IsEnabledIT_UPDATE
                0x0800d6a4       0x26 stm_timer_ll.c.o
 .text.LL_TIM_EnableIT_CC1
                0x0800d6ca       0x20 stm_timer_ll.c.o
 .text.LL_TIM_DisableIT_CC1
                0x0800d6ea       0x20 stm_timer_ll.c.o
 .text.LL_TIM_IsEnabledIT_CC1
                0x0800d70a       0x26 stm_timer_ll.c.o
 .text.LL_TIM_EnableIT_CC2
                0x0800d730       0x20 stm_timer_ll.c.o
 .text.LL_TIM_DisableIT_CC2
                0x0800d750       0x20 stm_timer_ll.c.o
 .text.LL_TIM_IsEnabledIT_CC2
                0x0800d770       0x26 stm_timer_ll.c.o
 .text.LL_TIM_EnableIT_CC3
                0x0800d796       0x20 stm_timer_ll.c.o
 .text.LL_TIM_DisableIT_CC3
                0x0800d7b6       0x20 stm_timer_ll.c.o
 .text.LL_TIM_IsEnabledIT_CC3
                0x0800d7d6       0x26 stm_timer_ll.c.o
 .text.LL_TIM_EnableIT_CC4
                0x0800d7fc       0x20 stm_timer_ll.c.o
 .text.LL_TIM_DisableIT_CC4
                0x0800d81c       0x20 stm_timer_ll.c.o
 .text.LL_TIM_IsEnabledIT_CC4
                0x0800d83c       0x26 stm_timer_ll.c.o
 .text.LL_TIM_EnableIT_COM
                0x0800d862       0x20 stm_timer_ll.c.o
 .text.LL_TIM_DisableIT_COM
                0x0800d882       0x20 stm_timer_ll.c.o
 .text.LL_TIM_IsEnabledIT_COM
                0x0800d8a2       0x26 stm_timer_ll.c.o
 .text.LL_TIM_EnableIT_TRIG
                0x0800d8c8       0x20 stm_timer_ll.c.o
 .text.LL_TIM_DisableIT_TRIG
                0x0800d8e8       0x20 stm_timer_ll.c.o
 .text.LL_TIM_IsEnabledIT_TRIG
                0x0800d908       0x26 stm_timer_ll.c.o
 .text.LL_TIM_EnableIT_BRK
                0x0800d92e       0x20 stm_timer_ll.c.o
 .text.LL_TIM_DisableIT_BRK
                0x0800d94e       0x20 stm_timer_ll.c.o
 .text.LL_TIM_IsEnabledIT_BRK
                0x0800d96e       0x26 stm_timer_ll.c.o
 .text.LL_TIM_EnableIT_TERR
                0x0800d994       0x20 stm_timer_ll.c.o
 .text.LL_TIM_DisableIT_TERR
                0x0800d9b4       0x20 stm_timer_ll.c.o
 .text.LL_TIM_IsEnabledIT_TERR
                0x0800d9d4       0x28 stm_timer_ll.c.o
 .text.LL_TIM_EnableIT_IERR
                0x0800d9fc       0x20 stm_timer_ll.c.o
 .text.LL_TIM_DisableIT_IERR
                0x0800da1c       0x20 stm_timer_ll.c.o
 .text.LL_TIM_IsEnabledIT_IERR
                0x0800da3c       0x28 stm_timer_ll.c.o
 .text.LL_TIM_EnableIT_DIR
                0x0800da64       0x20 stm_timer_ll.c.o
 .text.LL_TIM_DisableIT_DIR
                0x0800da84       0x20 stm_timer_ll.c.o
 .text.LL_TIM_IsEnabledIT_DIR
                0x0800daa4       0x28 stm_timer_ll.c.o
 .text.LL_TIM_EnableIT_IDX
                0x0800dacc       0x20 stm_timer_ll.c.o
 .text.LL_TIM_DisableIT_IDX
                0x0800daec       0x20 stm_timer_ll.c.o
 .text.LL_TIM_IsEnabledIT_IDX
                0x0800db0c       0x28 stm_timer_ll.c.o
 .text.TIM_IsActiveFlagIDX
                0x0800db34       0x34 stm_timer_ll.c.o
                0x0800db34                TIM_IsActiveFlagIDX
 .text.enableTimerInterrupts
                0x0800db68      0x1c4 stm_timer_ll.c.o
                0x0800db68                enableTimerInterrupts
 .text.disableTimerInterrupts
                0x0800dd2c      0x1c4 stm_timer_ll.c.o
                0x0800dd2c                disableTimerInterrupts
 .text.enableTimerChannel1
                0x0800def0       0xb0 stm_timer_ll.c.o
                0x0800def0                enableTimerChannel1
 .text.disableTimerChannel1
                0x0800dfa0       0xb0 stm_timer_ll.c.o
                0x0800dfa0                disableTimerChannel1
 .text.enableTimerChannel2
                0x0800e050       0xb0 stm_timer_ll.c.o
                0x0800e050                enableTimerChannel2
 .text.disableTimerChannel2
                0x0800e100       0xb0 stm_timer_ll.c.o
                0x0800e100                disableTimerChannel2
 .text.Timer_Handle_Init
                0x0800e1b0      0x140 stm_timer_ll.c.o
                0x0800e1b0                Timer_Handle_Init
 .text.getTimerCounterValueForG4
                0x0800e2f0       0x64 stm_timer_ll.c.o
                0x0800e2f0                getTimerCounterValueForG4
 .text.fmod     0x0800e354       0x6c C:/ProgramData/MATLAB/SupportPackages/R2025a/3P.instrset/gnuarm-armcortex.instrset/win/bin/../lib/gcc/arm-none-eabi/13.2.1/thumb/v7e-m+fp/hard\libm.a(libm_a-w_fmod.o)
                0x0800e354                fmod
 .text.__ieee754_fmod
                0x0800e3c0      0x30c C:/ProgramData/MATLAB/SupportPackages/R2025a/3P.instrset/gnuarm-armcortex.instrset/win/bin/../lib/gcc/arm-none-eabi/13.2.1/thumb/v7e-m+fp/hard\libm.a(libm_a-e_fmod.o)
                0x0800e3c0                __ieee754_fmod
 .text.__udivmoddi4
                0x0800e6cc      0x2bc C:/ProgramData/MATLAB/SupportPackages/R2025a/3P.instrset/gnuarm-armcortex.instrset/win/bin/../lib/gcc/arm-none-eabi/13.2.1/thumb/v7e-m+fp/hard\libgcc.a(_udivmoddi4.o)
                0x0800e6cc                __udivmoddi4
 .text.memset   0x0800e988       0x10 C:/ProgramData/MATLAB/SupportPackages/R2025a/3P.instrset/gnuarm-armcortex.instrset/win/bin/../lib/gcc/arm-none-eabi/13.2.1/thumb/v7e-m+fp/hard\libg_nano.a(libc_a-memset.o)
                0x0800e988                memset
 .text.__errno  0x0800e998        0xc C:/ProgramData/MATLAB/SupportPackages/R2025a/3P.instrset/gnuarm-armcortex.instrset/win/bin/../lib/gcc/arm-none-eabi/13.2.1/thumb/v7e-m+fp/hard\libg_nano.a(libc_a-errno.o)
                0x0800e998                __errno
 .text.__libc_init_array
                0x0800e9a4       0x48 C:/ProgramData/MATLAB/SupportPackages/R2025a/3P.instrset/gnuarm-armcortex.instrset/win/bin/../lib/gcc/arm-none-eabi/13.2.1/thumb/v7e-m+fp/hard\libg_nano.a(libc_a-init.o)
                0x0800e9a4                __libc_init_array
 .text.memcpy   0x0800e9ec       0x1c C:/ProgramData/MATLAB/SupportPackages/R2025a/3P.instrset/gnuarm-armcortex.instrset/win/bin/../lib/gcc/arm-none-eabi/13.2.1/thumb/v7e-m+fp/hard\libg_nano.a(libc_a-memcpy-stub.o)
                0x0800e9ec                memcpy
 *(.glue_7)
 .glue_7        0x0800ea08        0x0 linker stubs
 *(.glue_7t)
 .glue_7t       0x0800ea08        0x0 linker stubs
 *(.eh_frame)
 .eh_frame      0x0800ea08        0x0 C:/ProgramData/MATLAB/SupportPackages/R2025a/3P.instrset/gnuarm-armcortex.instrset/win/bin/../lib/gcc/arm-none-eabi/13.2.1/thumb/v7e-m+fp/hard/crtbegin.o
 *(.init)
 .init          0x0800ea08        0x4 C:/ProgramData/MATLAB/SupportPackages/R2025a/3P.instrset/gnuarm-armcortex.instrset/win/bin/../lib/gcc/arm-none-eabi/13.2.1/thumb/v7e-m+fp/hard/crti.o
                0x0800ea08                _init
 .init          0x0800ea0c        0x8 C:/ProgramData/MATLAB/SupportPackages/R2025a/3P.instrset/gnuarm-armcortex.instrset/win/bin/../lib/gcc/arm-none-eabi/13.2.1/thumb/v7e-m+fp/hard/crtn.o
 *(.fini)
 .fini          0x0800ea14        0x4 C:/ProgramData/MATLAB/SupportPackages/R2025a/3P.instrset/gnuarm-armcortex.instrset/win/bin/../lib/gcc/arm-none-eabi/13.2.1/thumb/v7e-m+fp/hard/crti.o
                0x0800ea14                _fini
 .fini          0x0800ea18        0x8 C:/ProgramData/MATLAB/SupportPackages/R2025a/3P.instrset/gnuarm-armcortex.instrset/win/bin/../lib/gcc/arm-none-eabi/13.2.1/thumb/v7e-m+fp/hard/crtn.o
                0x0800ea20                        . = ALIGN (0x4)
                0x0800ea20                        _etext = .

.vfp11_veneer   0x0800ea20        0x0
 .vfp11_veneer  0x0800ea20        0x0 linker stubs

.v4_bx          0x0800ea20        0x0
 .v4_bx         0x0800ea20        0x0 linker stubs

.iplt           0x0800ea20        0x0
 .iplt          0x0800ea20        0x0 C:/ProgramData/MATLAB/SupportPackages/R2025a/3P.instrset/gnuarm-armcortex.instrset/win/bin/../lib/gcc/arm-none-eabi/13.2.1/thumb/v7e-m+fp/hard/crtbegin.o

.rodata         0x0800ea20     0x2a28
                0x0800ea20                        . = ALIGN (0x4)
 *(.rodata)
 .rodata        0x0800ea20      0x2b9 xcp_ext_mode.c.o
 *fill*         0x0800ecd9        0x3 
 .rodata        0x0800ecdc       0x12 Encoder_reader_simulink.c.o
 *fill*         0x0800ecee        0x2 
 .rodata        0x0800ecf0      0x12e xcp_ext_common.c.o
 *fill*         0x0800ee1e        0x2 
 .rodata        0x0800ee20       0x4c xcp_ext_classic_trigger.c.o
 .rodata        0x0800ee6c      0x278 xcp.c.o
 .rodata        0x0800f0e4      0x3a9 xcp_standard.c.o
 *fill*         0x0800f48d        0x3 
 .rodata        0x0800f490     0x1010 xcp_daq.c.o
 .rodata        0x080104a0       0xdd xcp_calibration.c.o
 *fill*         0x0801057d        0x3 
 .rodata        0x08010580      0x56e xcp_transport.c.o
 *fill*         0x08010aee        0x2 
 .rodata        0x08010af0       0xf5 xcp_mem_default.c.o
 *fill*         0x08010be5        0x3 
 .rodata        0x08010be8      0x228 xcp_drv_rtiostream.c.o
 .rodata        0x08010e10      0x4aa xcp_frame_serial.c.o
 *(.rodata*)
 *fill*         0x080112ba        0x2 
 .rodata.Encoder_reader_simulink_M
                0x080112bc        0x4 Encoder_reader_simulink.c.o
                0x080112bc                Encoder_reader_simulink_M
 .rodata.rtAlwaysEnabled.0
                0x080112c0        0x1 Encoder_reader_simulink.c.o
 *fill*         0x080112c1        0x3 
 .rodata.standardSupportedRxPacket
                0x080112c4       0x54 xcp_standard.c.o
 .rodata.daqSupportedRxPacket
                0x08011318       0x9c xcp_daq.c.o
 .rodata.calibrationSupportedRxPacket
                0x080113b4       0x18 xcp_calibration.c.o
 .rodata.CHANNEL_OFFSET_TAB
                0x080113cc        0x8 stm_usart.c.o
 .rodata.CHANNEL_OFFSET_TAB
                0x080113d4        0x8 stm_lpuart.c.o
 .rodata.CHANNEL_OFFSET_TAB
                0x080113dc        0x8 main.c.o
 .rodata.OFFSET_TAB_CCMRx
                0x080113e4        0xa main.c.o
 *fill*         0x080113ee        0x2 
 .rodata.SHIFT_TAB_ICxx
                0x080113f0        0xa main.c.o
 *fill*         0x080113fa        0x2 
 .rodata.SHIFT_TAB_CCxP
                0x080113fc        0xa main.c.o
 *fill*         0x08011406        0x2 
 .rodata.LPUART_PRESCALER_TAB
                0x08011408       0x18 stm32g4xx_ll_lpuart.c.o
 .rodata.AHBPrescTable
                0x08011420       0x10 system_stm32g4xx.c.o
                0x08011420                AHBPrescTable
 .rodata.APBPrescTable
                0x08011430        0x8 system_stm32g4xx.c.o
                0x08011430                APBPrescTable
 .rodata.Zero   0x08011438       0x10 C:/ProgramData/MATLAB/SupportPackages/R2025a/3P.instrset/gnuarm-armcortex.instrset/win/bin/../lib/gcc/arm-none-eabi/13.2.1/thumb/v7e-m+fp/hard\libm.a(libm_a-e_fmod.o)
                0x08011448                        . = ALIGN (0x4)

.ARM.extab      0x08011448        0x0
                0x08011448                        . = ALIGN (0x4)
 *(.ARM.extab* .gnu.linkonce.armextab.*)
                0x08011448                        . = ALIGN (0x4)

.ARM            0x08011448        0x8
                0x08011448                        . = ALIGN (0x4)
                0x08011448                        __exidx_start = .
 *(.ARM.exidx*)
 .ARM.exidx.text.__udivmoddi4
                0x08011448        0x8 C:/ProgramData/MATLAB/SupportPackages/R2025a/3P.instrset/gnuarm-armcortex.instrset/win/bin/../lib/gcc/arm-none-eabi/13.2.1/thumb/v7e-m+fp/hard\libgcc.a(_udivmoddi4.o)
                0x08011450                        __exidx_end = .
                0x08011450                        . = ALIGN (0x4)

.preinit_array  0x08011450        0x0
                0x08011450                        . = ALIGN (0x4)
                0x08011450                        PROVIDE (__preinit_array_start = .)
 *(.preinit_array*)
                0x08011450                        PROVIDE (__preinit_array_end = .)
                0x08011450                        . = ALIGN (0x4)

.init_array     0x08011450        0x4
                0x08011450                        . = ALIGN (0x4)
                0x08011450                        PROVIDE (__init_array_start = .)
 *(SORT_BY_NAME(.init_array.*))
 *(.init_array*)
 .init_array    0x08011450        0x4 C:/ProgramData/MATLAB/SupportPackages/R2025a/3P.instrset/gnuarm-armcortex.instrset/win/bin/../lib/gcc/arm-none-eabi/13.2.1/thumb/v7e-m+fp/hard/crtbegin.o
                0x08011454                        PROVIDE (__init_array_end = .)
                0x08011454                        . = ALIGN (0x4)

.fini_array     0x08011454        0x4
                0x08011454                        . = ALIGN (0x4)
                [!provide]                        PROVIDE (__fini_array_start = .)
 *(SORT_BY_NAME(.fini_array.*))
 *(.fini_array*)
 .fini_array    0x08011454        0x4 C:/ProgramData/MATLAB/SupportPackages/R2025a/3P.instrset/gnuarm-armcortex.instrset/win/bin/../lib/gcc/arm-none-eabi/13.2.1/thumb/v7e-m+fp/hard/crtbegin.o
                [!provide]                        PROVIDE (__fini_array_end = .)
                0x08011458                        . = ALIGN (0x4)
                0x08011458                        _sidata = LOADADDR (.data)

.rel.dyn        0x08011458        0x0
 .rel.iplt      0x08011458        0x0 C:/ProgramData/MATLAB/SupportPackages/R2025a/3P.instrset/gnuarm-armcortex.instrset/win/bin/../lib/gcc/arm-none-eabi/13.2.1/thumb/v7e-m+fp/hard/crtbegin.o

.data           0x20000000       0xec load address 0x08011458
                0x20000000                        . = ALIGN (0x4)
                0x20000000                        _sdata = .
 *(.data)
 *(.data*)
 .data.rtInf    0x20000000        0x8 rt_nonfinite.c.o
                0x20000000                rtInf
 .data.xcpExtmodeFinalSimulationTime
                0x20000008        0x8 xcp_ext_common.c.o
                0x20000008                xcpExtmodeFinalSimulationTime
 .data.xcpClassicTriggerDuration
                0x20000010        0x4 xcp_ext_classic_trigger.c.o
                0x20000010                xcpClassicTriggerDuration
 .data.xcpClassicTriggerArmRequest
                0x20000014        0x1 xcp_ext_classic_trigger.c.o
                0x20000014                xcpClassicTriggerArmRequest
 *fill*         0x20000015        0x3 
 .data.startStopDaqListId
                0x20000018        0x4 xcp_daq.c.o
 .data.xcpCurrentDaq
                0x2000001c        0x4 xcp_daq.c.o
 .data.xcpEventCustomMemoryManager
                0x20000020        0xc xcp_daq.c.o
 .data.xcpCtoReservedMemPoolId
                0x2000002c        0x4 xcp_transport.c.o
 .data.xcpMemMainBlockSizes
                0x20000030        0xc xcp_mem_default.c.o
 .data.xcpMemMainBlocksNumber
                0x2000003c        0xc xcp_mem_default.c.o
 .data.drvID    0x20000048        0x4 xcp_drv_rtiostream.c.o
 .data.xcpCtoReservedMemPoolId
                0x2000004c        0x4 xcp_frame_serial.c.o
 .data.uartObj  0x20000050       0x40 rtiostream_serial.c.o
                0x20000050                uartObj
 .data.uwTickPrio
                0x20000090        0x4 stm32g4xx_hal.c.o
                0x20000090                uwTickPrio
 .data.uwTickFreq
                0x20000094        0x4 stm32g4xx_hal.c.o
                0x20000094                uwTickFreq
 .data.SystemCoreClock
                0x20000098        0x4 system_stm32g4xx.c.o
                0x20000098                SystemCoreClock
 .data._impure_ptr
                0x2000009c        0x4 C:/ProgramData/MATLAB/SupportPackages/R2025a/3P.instrset/gnuarm-armcortex.instrset/win/bin/../lib/gcc/arm-none-eabi/13.2.1/thumb/v7e-m+fp/hard\libg_nano.a(libc_a-impure.o)
                0x2000009c                _impure_ptr
 .data._impure_data
                0x200000a0       0x4c C:/ProgramData/MATLAB/SupportPackages/R2025a/3P.instrset/gnuarm-armcortex.instrset/win/bin/../lib/gcc/arm-none-eabi/13.2.1/thumb/v7e-m+fp/hard\libg_nano.a(libc_a-impure.o)
                0x200000a0                _impure_data
 *(.RamFunc)
 *(.RamFunc*)
                0x200000ec                        . = ALIGN (0x4)
                0x200000ec                        _edata = .

.tm_clone_table
                0x200000ec        0x0 load address 0x08011544
 .tm_clone_table
                0x200000ec        0x0 C:/ProgramData/MATLAB/SupportPackages/R2025a/3P.instrset/gnuarm-armcortex.instrset/win/bin/../lib/gcc/arm-none-eabi/13.2.1/thumb/v7e-m+fp/hard/crtbegin.o
 .tm_clone_table
                0x200000ec        0x0 C:/ProgramData/MATLAB/SupportPackages/R2025a/3P.instrset/gnuarm-armcortex.instrset/win/bin/../lib/gcc/arm-none-eabi/13.2.1/thumb/v7e-m+fp/hard/crtend.o

.igot.plt       0x200000ec        0x0 load address 0x08011544
 .igot.plt      0x200000ec        0x0 C:/ProgramData/MATLAB/SupportPackages/R2025a/3P.instrset/gnuarm-armcortex.instrset/win/bin/../lib/gcc/arm-none-eabi/13.2.1/thumb/v7e-m+fp/hard/crtbegin.o
                0x200000ec                        . = ALIGN (0x4)

.bss            0x200000f0     0x30dc load address 0x08011544
                0x200000f0                        _sbss = .
                0x200000f0                        __bss_start__ = _sbss
 *(.bss)
 *(.bss*)
 .bss.completed.1
                0x200000f0        0x1 C:/ProgramData/MATLAB/SupportPackages/R2025a/3P.instrset/gnuarm-armcortex.instrset/win/bin/../lib/gcc/arm-none-eabi/13.2.1/thumb/v7e-m+fp/hard/crtbegin.o
 *fill*         0x200000f1        0x3 
 .bss.object.0  0x200000f4       0x18 C:/ProgramData/MATLAB/SupportPackages/R2025a/3P.instrset/gnuarm-armcortex.instrset/win/bin/../lib/gcc/arm-none-eabi/13.2.1/thumb/v7e-m+fp/hard/crtbegin.o
 .bss.xcpCustomTriggerFunction
                0x2000010c        0x8 xcp_ext_mode.c.o
 *fill*         0x20000114        0x4 
 .bss.Encoder_reader_simulink_B
                0x20000118      0x110 Encoder_reader_simulink.c.o
                0x20000118                Encoder_reader_simulink_B
 .bss.Encoder_reader_simulink_DW
                0x20000228      0x2a0 Encoder_reader_simulink.c.o
                0x20000228                Encoder_reader_simulink_DW
 .bss.Encoder_reader_simulink_M_
                0x200004c8      0x160 Encoder_reader_simulink.c.o
 .bss.rt_ExtModeInfo.2
                0x20000628       0x14 Encoder_reader_simulink.c.o
 .bss.systemRan.1
                0x2000063c       0x4c Encoder_reader_simulink.c.o
 .bss.IsrOverrun
                0x20000688        0x4 ert_main.c.o
                0x20000688                IsrOverrun
 .bss.OverrunFlag
                0x2000068c        0x1 ert_main.c.o
 .bss.stopRequested
                0x2000068d        0x1 ert_main.c.o
                0x2000068d                stopRequested
 .bss.runModel  0x2000068e        0x1 ert_main.c.o
                0x2000068e                runModel
 .bss.xcpModelStartRequest
                0x2000068f        0x1 xcp_ext_common.c.o
                0x2000068f                xcpModelStartRequest
 .bss.xcpModelStopRequest
                0x20000690        0x1 xcp_ext_common.c.o
                0x20000690                xcpModelStopRequest
 .bss.xcpModelStatus
                0x20000691        0x1 xcp_ext_common.c.o
                0x20000691                xcpModelStatus
 *fill*         0x20000692        0x2 
 .bss.xcpModelChecksum0
                0x20000694        0x4 xcp_ext_common.c.o
                0x20000694                xcpModelChecksum0
 .bss.xcpModelChecksum1
                0x20000698        0x4 xcp_ext_common.c.o
                0x20000698                xcpModelChecksum1
 .bss.xcpModelChecksum2
                0x2000069c        0x4 xcp_ext_common.c.o
                0x2000069c                xcpModelChecksum2
 .bss.xcpModelChecksum3
                0x200006a0        0x4 xcp_ext_common.c.o
                0x200006a0                xcpModelChecksum3
 .bss.xcpModelIntegerCode
                0x200006a4        0x4 xcp_ext_common.c.o
                0x200006a4                xcpModelIntegerCode
 .bss.xcpExtmodeSimulationComplete
                0x200006a8        0x1 xcp_ext_common.c.o
                0x200006a8                xcpExtmodeSimulationComplete
 *fill*         0x200006a9        0x7 
 .bss.xcpDummyDoubleVariable
                0x200006b0        0x8 xcp_ext_common.c.o
                0x200006b0                xcpDummyDoubleVariable
 .bss.xcpDummyUint64Variable
                0x200006b8        0x8 xcp_ext_common.c.o
                0x200006b8                xcpDummyUint64Variable
 .bss.xcpCurrentSimulationTimeInMs
                0x200006c0        0x8 xcp_ext_common.c.o
                0x200006c0                xcpCurrentSimulationTimeInMs
 .bss.xcpBaseRateSimulationTime
                0x200006c8        0x8 xcp_ext_common.c.o
 .bss.xcpClassicTriggerEventId
                0x200006d0        0x2 xcp_ext_classic_trigger.c.o
                0x200006d0                xcpClassicTriggerEventId
 *fill*         0x200006d2        0x2 
 .bss.xcpClassicTriggerSignalAddress
                0x200006d4        0x4 xcp_ext_classic_trigger.c.o
                0x200006d4                xcpClassicTriggerSignalAddress
 .bss.xcpClassicTriggerSignalAddressExtension
                0x200006d8        0x1 xcp_ext_classic_trigger.c.o
                0x200006d8                xcpClassicTriggerSignalAddressExtension
 *fill*         0x200006d9        0x7 
 .bss.xcpClassicTriggerLevel
                0x200006e0        0x8 xcp_ext_classic_trigger.c.o
                0x200006e0                xcpClassicTriggerLevel
 .bss.xcpClassicTriggerHoldOff
                0x200006e8        0x4 xcp_ext_classic_trigger.c.o
                0x200006e8                xcpClassicTriggerHoldOff
 .bss.xcpClassicTriggerDelay
                0x200006ec        0x4 xcp_ext_classic_trigger.c.o
                0x200006ec                xcpClassicTriggerDelay
 .bss.xcpClassicTriggerDirection
                0x200006f0        0x1 xcp_ext_classic_trigger.c.o
                0x200006f0                xcpClassicTriggerDirection
 .bss.xcpClassicTriggerCancelRequest
                0x200006f1        0x1 xcp_ext_classic_trigger.c.o
                0x200006f1                xcpClassicTriggerCancelRequest
 .bss.xcpClassicTriggerSource
                0x200006f2        0x1 xcp_ext_classic_trigger.c.o
                0x200006f2                xcpClassicTriggerSource
 .bss.xcpClassicTriggerMode
                0x200006f3        0x1 xcp_ext_classic_trigger.c.o
                0x200006f3                xcpClassicTriggerMode
 .bss.xcpClassicTriggerStatus
                0x200006f4        0x1 xcp_ext_classic_trigger.c.o
                0x200006f4                xcpClassicTriggerStatus
 *fill*         0x200006f5        0x3 
 .bss.xcpOldSignalValue
                0x200006f8        0x8 xcp_ext_classic_trigger.c.o
 .bss.xcpOldSignalValueAvailable
                0x20000700        0x1 xcp_ext_classic_trigger.c.o
 .bss.xcpOldClassicTriggerSource
                0x20000701        0x1 xcp_ext_classic_trigger.c.o
 .bss.xcpTriggerEnabled
                0x20000702        0x1 xcp_ext_classic_trigger.c.o
 .bss.xcpSignalTriggerFired
                0x20000703        0x1 xcp_ext_classic_trigger.c.o
 .bss.xcpTriggerCount
                0x20000704        0x4 xcp_ext_classic_trigger.c.o
 .bss.xcpForcedTriggerEnabled
                0x20000708        0x1 xcp_ext_classic_trigger.c.o
 .bss.xcpForceTriggerEnableRequest
                0x20000709        0x1 xcp_ext_classic_trigger.c.o
 .bss.initialized
                0x2000070a        0x1 xcp.c.o
 .bss.xcpStatus
                0x2000070b        0x1 xcp.c.o
 .bss.xcpSessionStatus
                0x2000070c        0x1 xcp.c.o
 .bss.xcpResourceProtectionStatus
                0x2000070d        0x1 xcp.c.o
 .bss.xcpSessionConfigurationId
                0x2000070e        0x2 xcp.c.o
 .bss.groupPacketLookup
                0x20000710       0x10 xcp.c.o
 .bss.xcpMta    0x20000720        0x8 xcp_standard.c.o
 .bss.xcpUploadSize
                0x20000728        0x1 xcp_standard.c.o
 *fill*         0x20000729        0x3 
 .bss.packetLookup
                0x2000072c        0x4 xcp_standard.c.o
 .bss.xcpDynamicDaqLists
                0x20000730        0x8 xcp_daq.c.o
 .bss.xcpRunningEventCounter
                0x20000738        0x4 xcp_daq.c.o
 .bss.daqLock   0x2000073c        0x4 xcp_daq.c.o
 .bss.packetLookup
                0x20000740        0x4 xcp_daq.c.o
 .bss.packetLookup
                0x20000744        0x4 xcp_calibration.c.o
 .bss.txFifo    0x20000748       0x10 xcp_transport.c.o
 .bss.txLock    0x20000758        0x4 xcp_transport.c.o
 .bss.rxFifo    0x2000075c        0x8 xcp_transport.c.o
 .bss.rxLock    0x20000764        0x4 xcp_transport.c.o
 .bss.initialized
                0x20000768        0x1 xcp_transport.c.o
 *fill*         0x20000769        0x3 
 .bss.xcpMemPoolDescriptors
                0x2000076c       0xc0 xcp_mem_default.c.o
 .bss.xcpMemCustomPoolDescriptors
                0x2000082c        0x8 xcp_mem_default.c.o
 .bss.xcpMemMainChunk
                0x20000834      0x767 xcp_mem_default.c.o
 *fill*         0x20000f9b        0x1 
 .bss.xcpMemReservedPoolsChunk
                0x20000f9c     0x1a89 xcp_mem_default.c.o
 *fill*         0x20002a25        0x3 
 .bss.xcpMemReservedPoolsChunkUsedBytes
                0x20002a28        0x4 xcp_mem_default.c.o
 .bss.xcpMemLock
                0x20002a2c        0x4 xcp_mem_default.c.o
 .bss.forceBlocking
                0x20002a30        0x1 xcp_drv_rtiostream.c.o
 *fill*         0x20002a31        0x1 
 .bss.txCounter
                0x20002a32        0x2 xcp_frame_serial.c.o
 .bss.rxCounter
                0x20002a34        0x2 xcp_frame_serial.c.o
 *fill*         0x20002a36        0x2 
 .bss.firstRxCounterReceived
                0x20002a38        0x4 xcp_frame_serial.c.o
 .bss.initialized
                0x20002a3c        0x1 xcp_frame_serial.c.o
 *fill*         0x20002a3d        0x3 
 .bss.timestampInitialized
                0x20002a40        0x4 platform_timer.c.o
 .bss.timestampStartTime
                0x20002a44        0x4 platform_timer.c.o
 .bss.schdl_counter
                0x20002a48        0x4 SysTickScheduler.c.o
                0x20002a48                schdl_counter
 .bss.schdl_counter_max
                0x20002a4c        0x4 SysTickScheduler.c.o
                0x20002a4c                schdl_counter_max
 .bss.taskToSchedule
                0x20002a50        0x4 m3m4m4f_multitasking.c.o
                0x20002a50                taskToSchedule
 .bss.mw_ext_h  0x20002a54        0x4 rtiostream_serial.c.o
                0x20002a54                mw_ext_h
 .bss.UARTRxBuffer
                0x20002a58        0x4 rtiostream_serial.c.o
                0x20002a58                UARTRxBuffer
 .bss.mw_lpuart1
                0x20002a5c       0x40 stm_lpuart.c.o
                0x20002a5c                mw_lpuart1
 .bss.LPUART1ReceiveBuffer
                0x20002a9c      0x400 stm_lpuart.c.o
                0x20002a9c                LPUART1ReceiveBuffer
 .bss.htim2     0x20002e9c       0x4c stm32g4xx_hal_timebase_tim.c.o
                0x20002e9c                htim2
 .bss.uwTick    0x20002ee8        0x4 stm32g4xx_hal.c.o
                0x20002ee8                uwTick
 .bss.mw_tim3   0x20002eec       0x8c stm_timer_ll.c.o
                0x20002eec                mw_tim3
 .bss.mw_tim4   0x20002f78       0x8c stm_timer_ll.c.o
                0x20002f78                mw_tim4
 .bss.mw_tim20  0x20003004       0x8c stm_timer_ll.c.o
                0x20003004                mw_tim20
 .bss.firstIndexReceived.0
                0x20003090        0x1 stm_timer_ll.c.o
 *fill*         0x20003091        0x3 
 .bss.__sf      0x20003094      0x138 C:/ProgramData/MATLAB/SupportPackages/R2025a/3P.instrset/gnuarm-armcortex.instrset/win/bin/../lib/gcc/arm-none-eabi/13.2.1/thumb/v7e-m+fp/hard\libg_nano.a(libc_a-findfp.o)
                0x20003094                __sf
 *(COMMON)
                0x200031cc                        . = ALIGN (0x4)
                0x200031cc                        _ebss = .
                0x200031cc                        __bss_end__ = _ebss

._user_heap_stack
                0x200031cc      0x604 load address 0x08011544
                0x200031d0                        . = ALIGN (0x8)
 *fill*         0x200031cc        0x4 
                [!provide]                        PROVIDE (end = .)
                0x200031d0                        PROVIDE (_end = .)
                0x200033d0                        . = (. + _Min_Heap_Size)
 *fill*         0x200031d0      0x200 
                0x200037d0                        . = (. + _Min_Stack_Size)
 *fill*         0x200033d0      0x400 
                0x200037d0                        . = ALIGN (0x8)

/DISCARD/
 libc.a(*)
 libm.a(*)
 libgcc.a(*)

.ARM.attributes
                0x00000000       0x30
 *(.ARM.attributes)
 .ARM.attributes
                0x00000000       0x22 C:/ProgramData/MATLAB/SupportPackages/R2025a/3P.instrset/gnuarm-armcortex.instrset/win/bin/../lib/gcc/arm-none-eabi/13.2.1/thumb/v7e-m+fp/hard/crti.o
 .ARM.attributes
                0x00000022       0x34 C:/ProgramData/MATLAB/SupportPackages/R2025a/3P.instrset/gnuarm-armcortex.instrset/win/bin/../lib/gcc/arm-none-eabi/13.2.1/thumb/v7e-m+fp/hard/crtbegin.o
 .ARM.attributes
                0x00000056       0x34 xcp_ext_mode.c.o
 .ARM.attributes
                0x0000008a       0x34 Encoder_reader_simulink.c.o
 .ARM.attributes
                0x000000be       0x34 ert_main.c.o
 .ARM.attributes
                0x000000f2       0x34 rt_nonfinite.c.o
 .ARM.attributes
                0x00000126       0x34 xcp_ext_common.c.o
 .ARM.attributes
                0x0000015a       0x34 xcp_ext_classic_trigger.c.o
 .ARM.attributes
                0x0000018e       0x34 xcp.c.o
 .ARM.attributes
                0x000001c2       0x34 xcp_standard.c.o
 .ARM.attributes
                0x000001f6       0x34 xcp_daq.c.o
 .ARM.attributes
                0x0000022a       0x34 xcp_calibration.c.o
 .ARM.attributes
                0x0000025e       0x34 xcp_fifo.c.o
 .ARM.attributes
                0x00000292       0x34 xcp_transport.c.o
 .ARM.attributes
                0x000002c6       0x34 xcp_mem_default.c.o
 .ARM.attributes
                0x000002fa       0x34 xcp_drv_rtiostream.c.o
 .ARM.attributes
                0x0000032e       0x34 xcp_utils.c.o
 .ARM.attributes
                0x00000362       0x34 xcp_frame_serial.c.o
 .ARM.attributes
                0x00000396       0x34 xcp_ext_param_default_serial.c.o
 .ARM.attributes
                0x000003ca       0x34 overrideHALDelay.c.o
 .ARM.attributes
                0x000003fe       0x34 platform_timer.c.o
 .ARM.attributes
                0x00000432       0x34 SysTickScheduler.c.o